Sep 28 16:14:15 xubuntu rsyslogd: [origin software="rsyslogd" swVersion="7.4.4" x-pid="1026" x-info="http://www.rsyslog.com"] start
Sep 28 16:14:15 xubuntu rsyslogd: rsyslogd's groupid changed to 104
Sep 28 16:14:15 xubuntu rsyslogd: rsyslogd's userid changed to 101
Sep 28 16:14:15 xubuntu rsyslogd-2039: Could no open output pipe '/dev/xconsole': No such file or directory [try http://www.rsyslog.com/e/2039 ]
Sep 28 16:14:15 xubuntu kernel: [    0.000000] BIOS-e820: [mem 0x000000003feff000-0x000000003fefffff] ACPI NVS
Sep 28 16:14:15 xubuntu kernel: [    0.000000] BIOS-e820: [mem 0x000000003ff00000-0x000000003fffffff] usable
Sep 28 16:14:15 xubuntu kernel: [    0.000000] BIOS-e820: [mem 0x00000000f0000000-0x00000000f7ffffff] reserved
Sep 28 16:14:15 xubuntu kernel: [    0.000000] BIOS-e820: [mem 0x00000000fec00000-0x00000000fec0ffff] reserved
Sep 28 16:14:15 xubuntu kernel: [    0.000000] BIOS-e820: [mem 0x00000000fee00000-0x00000000fee00fff] reserved
Sep 28 16:14:15 xubuntu kernel: [    0.000000] BIOS-e820: [mem 0x00000000fffe0000-0x00000000ffffffff] reserved
Sep 28 16:14:15 xubuntu kernel: [    0.000000] NX (Execute Disable) protection: active
Sep 28 16:14:15 xubuntu kernel: [    0.000000] SMBIOS 2.4 present.
Sep 28 16:14:15 xubuntu kernel: [    0.000000] DMI: VMware, Inc. VMware Virtual Platform/440BX Desktop Reference Platform, BIOS 6.00 07/31/2013
Sep 28 16:14:15 xubuntu kernel: [    0.000000] Hypervisor detected: VMware
Sep 28 16:14:15 xubuntu kernel: [    0.000000] e820: update [mem 0x00000000-0x00000fff] usable ==> reserved
Sep 28 16:14:15 xubuntu kernel: [    0.000000] e820: remove [mem 0x000a0000-0x000fffff] usable
Sep 28 16:14:15 xubuntu kernel: [    0.000000] e820: last_pfn = 0x40000 max_arch_pfn = 0x1000000
Sep 28 16:14:15 xubuntu kernel: [    0.000000] MTRR default type: uncachable
Sep 28 16:14:15 xubuntu kernel: [    0.000000] MTRR fixed ranges enabled:
Sep 28 16:14:15 xubuntu kernel: [    0.000000]   00000-9FFFF write-back
Sep 28 16:14:15 xubuntu kernel: [    0.000000]   A0000-BFFFF uncachable
Sep 28 16:14:15 xubuntu kernel: [    0.000000]   C0000-CBFFF write-protect
Sep 28 16:14:15 xubuntu kernel: [    0.000000]   CC000-EFFFF uncachable
Sep 28 16:14:15 xubuntu kernel: [    0.000000]   F0000-FFFFF write-protect
Sep 28 16:14:15 xubuntu kernel: [    0.000000] MTRR variable ranges enabled:
Sep 28 16:14:15 xubuntu kernel: [    0.000000]   0 base 0000000000 mask FFC0000000 write-back
Sep 28 16:14:15 xubuntu kernel: [    0.000000]   1 disabled
Sep 28 16:14:15 xubuntu kernel: [    0.000000]   2 disabled
Sep 28 16:14:15 xubuntu kernel: [    0.000000]   3 disabled
Sep 28 16:14:15 xubuntu kernel: [    0.000000]   4 disabled
Sep 28 16:14:15 xubuntu kernel: [    0.000000]   5 disabled
Sep 28 16:14:15 xubuntu kernel: [    0.000000]   6 disabled
Sep 28 16:14:15 xubuntu kernel: [    0.000000]   7 disabled
Sep 28 16:14:15 xubuntu kernel: [    0.000000] x86 PAT enabled: cpu 0, old 0x0, new 0x7010600070106
Sep 28 16:14:15 xubuntu kernel: [    0.000000] found SMP MP-table at [mem 0x000f6bf0-0x000f6bff] mapped at [c00f6bf0]
Sep 28 16:14:15 xubuntu kernel: [    0.000000] Scanning 1 areas for low memory corruption
Sep 28 16:14:15 xubuntu kernel: [    0.000000] initial memory mapped: [mem 0x00000000-0x01ffffff]
Sep 28 16:14:15 xubuntu kernel: [    0.000000] Base memory trampoline at [c009b000] 9b000 size 16384
Sep 28 16:14:15 xubuntu kernel: [    0.000000] init_memory_mapping: [mem 0x00000000-0x000fffff]
Sep 28 16:14:15 xubuntu kernel: [    0.000000]  [mem 0x00000000-0x000fffff] page 4k
Sep 28 16:14:15 xubuntu kernel: [    0.000000] init_memory_mapping: [mem 0x37800000-0x379fffff]
Sep 28 16:14:15 xubuntu kernel: [    0.000000]  [mem 0x37800000-0x379fffff] page 2M
Sep 28 16:14:15 xubuntu kernel: [    0.000000] init_memory_mapping: [mem 0x34000000-0x377fffff]
Sep 28 16:14:15 xubuntu kernel: [    0.000000]  [mem 0x34000000-0x377fffff] page 2M
Sep 28 16:14:15 xubuntu kernel: [    0.000000] init_memory_mapping: [mem 0x00100000-0x33ffffff]
Sep 28 16:14:15 xubuntu kernel: [    0.000000]  [mem 0x00100000-0x001fffff] page 4k
Sep 28 16:14:15 xubuntu kernel: [    0.000000]  [mem 0x00200000-0x33ffffff] page 2M
Sep 28 16:14:15 xubuntu kernel: [    0.000000] init_memory_mapping: [mem 0x37a00000-0x37bfdfff]
Sep 28 16:14:15 xubuntu kernel: [    0.000000]  [mem 0x37a00000-0x37bfdfff] page 4k
Sep 28 16:14:15 xubuntu kernel: [    0.000000] BRK [0x01b88000, 0x01b88fff] PGTABLE
Sep 28 16:14:15 xubuntu kernel: [    0.000000] RAMDISK: [mem 0x3eaf4000-0x3fedffff]
Sep 28 16:14:15 xubuntu kernel: [    0.000000] Allocated new RAMDISK: [mem 0x36812000-0x37bfd9f5]
Sep 28 16:14:15 xubuntu kernel: [    0.000000] Move RAMDISK from [mem 0x3eaf4000-0x3fedf9f5] to [mem 0x36812000-0x37bfd9f5]
Sep 28 16:14:15 xubuntu kernel: [    0.000000] ACPI: RSDP 000f6b80 000024 (v02 PTLTD )
Sep 28 16:14:15 xubuntu kernel: [    0.000000] ACPI: XSDT 3feee21e 00005C (v01 INTEL  440BX    06040000 VMW  01324272)
Sep 28 16:14:15 xubuntu kernel: [    0.000000] ACPI: FACP 3fefee73 0000F4 (v04 INTEL  440BX    06040000 PTL  000F4240)
Sep 28 16:14:15 xubuntu kernel: [    0.000000] ACPI: DSDT 3feeec38 01023B (v01 PTLTD  Custom   06040000 MSFT 03000001)
Sep 28 16:14:15 xubuntu kernel: [    0.000000] ACPI: FACS 3fefffc0 000040
Sep 28 16:14:15 xubuntu kernel: [    0.000000] ACPI: BOOT 3feeec10 000028 (v01 PTLTD  $SBFTBL$ 06040000  LTP 00000001)
Sep 28 16:14:15 xubuntu kernel: [    0.000000] ACPI: APIC 3feee84e 0003C2 (v01 PTLTD  ? APIC   06040000  LTP 00000000)
Sep 28 16:14:15 xubuntu kernel: [    0.000000] ACPI: MCFG 3feee812 00003C (v01 PTLTD  $PCITBL$ 06040000  LTP 00000001)
Sep 28 16:14:15 xubuntu kernel: [    0.000000] ACPI: SRAT 3feee31a 0004F8 (v02 VMWARE MEMPLUG  06040000 VMW  00000001)
Sep 28 16:14:15 xubuntu kernel: [    0.000000] ACPI: HPET 3feee2e2 000038 (v01 VMWARE VMW HPET 06040000 VMW  00000001)
Sep 28 16:14:15 xubuntu kernel: [    0.000000] ACPI: WAET 3feee2ba 000028 (v01 VMWARE VMW WAET 06040000 VMW  00000001)
Sep 28 16:14:15 xubuntu kernel: [    0.000000] ACPI: Local APIC address 0xfee00000
Sep 28 16:14:15 xubuntu kernel: [    0.000000] 132MB HIGHMEM available.
Sep 28 16:14:15 xubuntu kernel: [    0.000000] 891MB LOWMEM available.
Sep 28 16:14:15 xubuntu kernel: [    0.000000]   mapped low ram: 0 - 37bfe000
Sep 28 16:14:15 xubuntu kernel: [    0.000000]   low ram: 0 - 37bfe000
Sep 28 16:14:15 xubuntu kernel: [    0.000000] BRK [0x01b89000, 0x01b89fff] PGTABLE
Sep 28 16:14:15 xubuntu kernel: [    0.000000] Zone ranges:
Sep 28 16:14:15 xubuntu kernel: [    0.000000]   DMA      [mem 0x00001000-0x00ffffff]
Sep 28 16:14:15 xubuntu kernel: [    0.000000]   Normal   [mem 0x01000000-0x37bfdfff]
Sep 28 16:14:15 xubuntu kernel: [    0.000000]   HighMem  [mem 0x37bfe000-0x3fffffff]
Sep 28 16:14:15 xubuntu kernel: [    0.000000] Movable zone start for each node
Sep 28 16:14:15 xubuntu kernel: [    0.000000] Early memory node ranges
Sep 28 16:14:15 xubuntu kernel: [    0.000000]   node   0: [mem 0x00001000-0x0009efff]
Sep 28 16:14:15 xubuntu kernel: [    0.000000]   node   0: [mem 0x00100000-0x3fedffff]
Sep 28 16:14:15 xubuntu kernel: [    0.000000]   node   0: [mem 0x3ff00000-0x3fffffff]
Sep 28 16:14:15 xubuntu kernel: [    0.000000] On node 0 totalpages: 262014
Sep 28 16:14:15 xubuntu kernel: [    0.000000] free_area_init_node: node 0, pgdat c1990a80, node_mem_map f6012020
Sep 28 16:14:15 xubuntu kernel: [    0.000000]   DMA zone: 32 pages used for memmap
Sep 28 16:14:15 xubuntu kernel: [    0.000000]   DMA zone: 0 pages reserved
Sep 28 16:14:15 xubuntu kernel: [    0.000000]   DMA zone: 3998 pages, LIFO batch:0
Sep 28 16:14:15 xubuntu kernel: [    0.000000]   Normal zone: 1752 pages used for memmap
Sep 28 16:14:15 xubuntu kernel: [    0.000000]   Normal zone: 224254 pages, LIFO batch:31
Sep 28 16:14:15 xubuntu kernel: [    0.000000]   HighMem zone: 265 pages used for memmap
Sep 28 16:14:15 xubuntu kernel: [    0.000000]   HighMem zone: 33762 pages, LIFO batch:7
Sep 28 16:14:15 xubuntu kernel: [    0.000000] Using APIC driver default
Sep 28 16:14:15 xubuntu kernel: [    0.000000] ACPI: PM-Timer IO Port: 0x1008
Sep 28 16:14:15 xubuntu kernel: [    0.000000] ACPI: Local APIC address 0xfee00000
Sep 28 16:14:15 xubuntu kernel: [    0.000000] ACPI: LAPIC (acpi_id[0x00] lapic_id[0x00] enabled)
Sep 28 16:14:15 xubuntu kernel: [    0.000000] ACPI: LAPIC (acpi_id[0x01] lapic_id[0x02] disabled)
Sep 28 16:14:15 xubuntu kernel: [    0.000000] ACPI: LAPIC (acpi_id[0x02] lapic_id[0x04] disabled)
Sep 28 16:14:15 xubuntu kernel: [    0.000000] ACPI: LAPIC (acpi_id[0x03] lapic_id[0x06] disabled)
Sep 28 16:14:15 xubuntu kernel: [    0.000000] ACPI: LAPIC (acpi_id[0x04] lapic_id[0x08] disabled)
Sep 28 16:14:15 xubuntu kernel: [    0.000000] ACPI: LAPIC (acpi_id[0x05] lapic_id[0x0a] disabled)
Sep 28 16:14:15 xubuntu kernel: [    0.000000] ACPI: LAPIC (acpi_id[0x06] lapic_id[0x0c] disabled)
Sep 28 16:14:15 xubuntu kernel: [    0.000000] ACPI: LAPIC (acpi_id[0x07] lapic_id[0x0e] disabled)
Sep 28 16:14:15 xubuntu kernel: [    0.000000] ACPI: LAPIC (acpi_id[0x08] lapic_id[0x10] disabled)
Sep 28 16:14:15 xubuntu kernel: [    0.000000] ACPI: LAPIC (acpi_id[0x09] lapic_id[0x12] disabled)
Sep 28 16:14:15 xubuntu kernel: [    0.000000] ACPI: LAPIC (acpi_id[0x0a] lapic_id[0x14] disabled)
Sep 28 16:14:15 xubuntu kernel: [    0.000000] ACPI: LAPIC (acpi_id[0x0b] lapic_id[0x16] disabled)
Sep 28 16:14:15 xubuntu kernel: [    0.000000] ACPI: LAPIC (acpi_id[0x0c] lapic_id[0x18] disabled)
Sep 28 16:14:15 xubuntu kernel: [    0.000000] ACPI: LAPIC (acpi_id[0x0d] lapic_id[0x1a] disabled)
Sep 28 16:14:15 xubuntu kernel: [    0.000000] ACPI: LAPIC (acpi_id[0x0e] lapic_id[0x1c] disabled)
Sep 28 16:14:15 xubuntu kernel: [    0.000000] ACPI: LAPIC (acpi_id[0x0f] lapic_id[0x1e] disabled)
Sep 28 16:14:15 xubuntu kernel: [    0.000000] ACPI: LAPIC (acpi_id[0x10] lapic_id[0x20] disabled)
Sep 28 16:14:15 xubuntu kernel: [    0.000000] ACPI: LAPIC (acpi_id[0x11] lapic_id[0x22] disabled)
Sep 28 16:14:15 xubuntu kernel: [    0.000000] ACPI: LAPIC (acpi_id[0x12] lapic_id[0x24] disabled)
Sep 28 16:14:15 xubuntu kernel: [    0.000000] ACPI: LAPIC (acpi_id[0x13] lapic_id[0x26] disabled)
Sep 28 16:14:15 xubuntu kernel: [    0.000000] ACPI: LAPIC (acpi_id[0x14] lapic_id[0x28] disabled)
Sep 28 16:14:15 xubuntu kernel: [    0.000000] ACPI: LAPIC (acpi_id[0x15] lapic_id[0x2a] disabled)
Sep 28 16:14:15 xubuntu kernel: [    0.000000] ACPI: LAPIC (acpi_id[0x16] lapic_id[0x2c] disabled)
Sep 28 16:14:15 xubuntu kernel: [    0.000000] ACPI: LAPIC (acpi_id[0x17] lapic_id[0x2e] disabled)
Sep 28 16:14:15 xubuntu kernel: [    0.000000] ACPI: LAPIC (acpi_id[0x18] lapic_id[0x30] disabled)
Sep 28 16:14:15 xubuntu kernel: [    0.000000] ACPI: LAPIC (acpi_id[0x19] lapic_id[0x32] disabled)
Sep 28 16:14:15 xubuntu kernel: [    0.000000] ACPI: LAPIC (acpi_id[0x1a] lapic_id[0x34] disabled)
Sep 28 16:14:15 xubuntu kernel: [    0.000000] ACPI: LAPIC (acpi_id[0x1b] lapic_id[0x36] disabled)
Sep 28 16:14:15 xubuntu kernel: [    0.000000] ACPI: LAPIC (acpi_id[0x1c] lapic_id[0x38] disabled)
Sep 28 16:14:15 xubuntu kernel: [    0.000000] ACPI: LAPIC (acpi_id[0x1d] lapic_id[0x3a] disabled)
Sep 28 16:14:15 xubuntu kernel: [    0.000000] ACPI: LAPIC (acpi_id[0x1e] lapic_id[0x3c] disabled)
Sep 28 16:14:15 xubuntu kernel: [    0.000000] ACPI: LAPIC (acpi_id[0x1f] lapic_id[0x3e] disabled)
Sep 28 16:14:15 xubuntu kernel: [    0.000000] ACPI: LAPIC (acpi_id[0x20] lapic_id[0x40] disabled)
Sep 28 16:14:15 xubuntu kernel: [    0.000000] ACPI: LAPIC (acpi_id[0x21] lapic_id[0x42] disabled)
Sep 28 16:14:15 xubuntu kernel: [    0.000000] ACPI: LAPIC (acpi_id[0x22] lapic_id[0x44] disabled)
Sep 28 16:14:15 xubuntu kernel: [    0.000000] ACPI: LAPIC (acpi_id[0x23] lapic_id[0x46] disabled)
Sep 28 16:14:15 xubuntu kernel: [    0.000000] ACPI: LAPIC (acpi_id[0x24] lapic_id[0x48] disabled)
Sep 28 16:14:15 xubuntu kernel: [    0.000000] ACPI: LAPIC (acpi_id[0x25] lapic_id[0x4a] disabled)
Sep 28 16:14:15 xubuntu kernel: [    0.000000] ACPI: LAPIC (acpi_id[0x26] lapic_id[0x4c] disabled)
Sep 28 16:14:15 xubuntu kernel: [    0.000000] ACPI: LAPIC (acpi_id[0x27] lapic_id[0x4e] disabled)
Sep 28 16:14:15 xubuntu kernel: [    0.000000] ACPI: LAPIC (acpi_id[0x28] lapic_id[0x50] disabled)
Sep 28 16:14:15 xubuntu kernel: [    0.000000] ACPI: LAPIC (acpi_id[0x29] lapic_id[0x52] disabled)
Sep 28 16:14:15 xubuntu kernel: [    0.000000] ACPI: LAPIC (acpi_id[0x2a] lapic_id[0x54] disabled)
Sep 28 16:14:15 xubuntu kernel: [    0.000000] ACPI: LAPIC (acpi_id[0x2b] lapic_id[0x56] disabled)
Sep 28 16:14:15 xubuntu kernel: [    0.000000] ACPI: LAPIC (acpi_id[0x2c] lapic_id[0x58] disabled)
Sep 28 16:14:15 xubuntu kernel: [    0.000000] ACPI: LAPIC (acpi_id[0x2d] lapic_id[0x5a] disabled)
Sep 28 16:14:15 xubuntu kernel: [    0.000000] ACPI: LAPIC (acpi_id[0x2e] lapic_id[0x5c] disabled)
Sep 28 16:14:15 xubuntu kernel: [    0.000000] ACPI: LAPIC (acpi_id[0x2f] lapic_id[0x5e] disabled)
Sep 28 16:14:15 xubuntu kernel: [    0.000000] ACPI: LAPIC (acpi_id[0x30] lapic_id[0x60] disabled)
Sep 28 16:14:15 xubuntu kernel: [    0.000000] ACPI: LAPIC (acpi_id[0x31] lapic_id[0x62] disabled)
Sep 28 16:14:15 xubuntu kernel: [    0.000000] ACPI: LAPIC (acpi_id[0x32] lapic_id[0x64] disabled)
Sep 28 16:14:15 xubuntu kernel: [    0.000000] ACPI: LAPIC (acpi_id[0x33] lapic_id[0x66] disabled)
Sep 28 16:14:15 xubuntu kernel: [    0.000000] ACPI: LAPIC (acpi_id[0x34] lapic_id[0x68] disabled)
Sep 28 16:14:15 xubuntu kernel: [    0.000000] ACPI: LAPIC (acpi_id[0x35] lapic_id[0x6a] disabled)
Sep 28 16:14:15 xubuntu kernel: [    0.000000] ACPI: LAPIC (acpi_id[0x36] lapic_id[0x6c] disabled)
Sep 28 16:14:15 xubuntu kernel: [    0.000000] ACPI: LAPIC (acpi_id[0x37] lapic_id[0x6e] disabled)
Sep 28 16:14:15 xubuntu kernel: [    0.000000] ACPI: LAPIC (acpi_id[0x38] lapic_id[0x70] disabled)
Sep 28 16:14:15 xubuntu kernel: [    0.000000] ACPI: LAPIC (acpi_id[0x39] lapic_id[0x72] disabled)
Sep 28 16:14:15 xubuntu kernel: [    0.000000] ACPI: LAPIC (acpi_id[0x3a] lapic_id[0x74] disabled)
Sep 28 16:14:15 xubuntu kernel: [    0.000000] ACPI: LAPIC (acpi_id[0x3b] lapic_id[0x76] disabled)
Sep 28 16:14:15 xubuntu kernel: [    0.000000] ACPI: LAPIC (acpi_id[0x3c] lapic_id[0x78] disabled)
Sep 28 16:14:15 xubuntu kernel: [    0.000000] ACPI: LAPIC (acpi_id[0x3d] lapic_id[0x7a] disabled)
Sep 28 16:14:15 xubuntu kernel: [    0.000000] ACPI: LAPIC (acpi_id[0x3e] lapic_id[0x7c] disabled)
Sep 28 16:14:15 xubuntu kernel: [    0.000000] ACPI: LAPIC (acpi_id[0x3f] lapic_id[0x7e] disabled)
Sep 28 16:14:15 xubuntu kernel: [    0.000000] ACPI: LAPIC_NMI (acpi_id[0x00] high edge lint[0x1])
Sep 28 16:14:15 xubuntu kernel: [    0.000000] ACPI: LAPIC_NMI (acpi_id[0x01] high edge lint[0x1])
Sep 28 16:14:15 xubuntu kernel: [    0.000000] ACPI: LAPIC_NMI (acpi_id[0x02] high edge lint[0x1])
Sep 28 16:14:15 xubuntu kernel: [    0.000000] ACPI: LAPIC_NMI (acpi_id[0x03] high edge lint[0x1])
Sep 28 16:14:15 xubuntu kernel: [    0.000000] ACPI: LAPIC_NMI (acpi_id[0x04] high edge lint[0x1])
Sep 28 16:14:15 xubuntu kernel: [    0.000000] ACPI: LAPIC_NMI (acpi_id[0x05] high edge lint[0x1])
Sep 28 16:14:15 xubuntu kernel: [    0.000000] ACPI: LAPIC_NMI (acpi_id[0x06] high edge lint[0x1])
Sep 28 16:14:15 xubuntu kernel: [    0.000000] ACPI: LAPIC_NMI (acpi_id[0x07] high edge lint[0x1])
Sep 28 16:14:15 xubuntu kernel: [    0.000000] ACPI: LAPIC_NMI (acpi_id[0x08] high edge lint[0x1])
Sep 28 16:14:15 xubuntu kernel: [    0.000000] ACPI: LAPIC_NMI (acpi_id[0x09] high edge lint[0x1])
Sep 28 16:14:15 xubuntu kernel: [    0.000000] ACPI: LAPIC_NMI (acpi_id[0x0a] high edge lint[0x1])
Sep 28 16:14:15 xubuntu kernel: [    0.000000] ACPI: LAPIC_NMI (acpi_id[0x0b] high edge lint[0x1])
Sep 28 16:14:15 xubuntu kernel: [    0.000000] ACPI: LAPIC_NMI (acpi_id[0x0c] high edge lint[0x1])
Sep 28 16:14:15 xubuntu kernel: [    0.000000] ACPI: LAPIC_NMI (acpi_id[0x0d] high edge lint[0x1])
Sep 28 16:14:15 xubuntu kernel: [    0.000000] ACPI: LAPIC_NMI (acpi_id[0x0e] high edge lint[0x1])
Sep 28 16:14:15 xubuntu kernel: [    0.000000] ACPI: LAPIC_NMI (acpi_id[0x0f] high edge lint[0x1])
Sep 28 16:14:15 xubuntu kernel: [    0.000000] ACPI: LAPIC_NMI (acpi_id[0x10] high edge lint[0x1])
Sep 28 16:14:15 xubuntu kernel: [    0.000000] ACPI: LAPIC_NMI (acpi_id[0x11] high edge lint[0x1])
Sep 28 16:14:15 xubuntu kernel: [    0.000000] ACPI: LAPIC_NMI (acpi_id[0x12] high edge lint[0x1])
Sep 28 16:14:15 xubuntu kernel: [    0.000000] ACPI: LAPIC_NMI (acpi_id[0x13] high edge lint[0x1])
Sep 28 16:14:15 xubuntu kernel: [    0.000000] ACPI: LAPIC_NMI (acpi_id[0x14] high edge lint[0x1])
Sep 28 16:14:15 xubuntu kernel: [    0.000000] ACPI: LAPIC_NMI (acpi_id[0x15] high edge lint[0x1])
Sep 28 16:14:15 xubuntu kernel: [    0.000000] ACPI: LAPIC_NMI (acpi_id[0x16] high edge lint[0x1])
Sep 28 16:14:15 xubuntu kernel: [    0.000000] ACPI: LAPIC_NMI (acpi_id[0x17] high edge lint[0x1])
Sep 28 16:14:15 xubuntu kernel: [    0.000000] ACPI: LAPIC_NMI (acpi_id[0x18] high edge lint[0x1])
Sep 28 16:14:15 xubuntu kernel: [    0.000000] ACPI: LAPIC_NMI (acpi_id[0x19] high edge lint[0x1])
Sep 28 16:14:15 xubuntu kernel: [    0.000000] ACPI: LAPIC_NMI (acpi_id[0x1a] high edge lint[0x1])
Sep 28 16:14:15 xubuntu kernel: [    0.000000] ACPI: LAPIC_NMI (acpi_id[0x1b] high edge lint[0x1])
Sep 28 16:14:15 xubuntu kernel: [    0.000000] ACPI: LAPIC_NMI (acpi_id[0x1c] high edge lint[0x1])
Sep 28 16:14:15 xubuntu kernel: [    0.000000] ACPI: LAPIC_NMI (acpi_id[0x1d] high edge lint[0x1])
Sep 28 16:14:15 xubuntu kernel: [    0.000000] ACPI: LAPIC_NMI (acpi_id[0x1e] high edge lint[0x1])
Sep 28 16:14:15 xubuntu kernel: [    0.000000] ACPI: LAPIC_NMI (acpi_id[0x1f] high edge lint[0x1])
Sep 28 16:14:15 xubuntu kernel: [    0.000000] ACPI: LAPIC_NMI (acpi_id[0x20] high edge lint[0x1])
Sep 28 16:14:15 xubuntu kernel: [    0.000000] ACPI: LAPIC_NMI (acpi_id[0x21] high edge lint[0x1])
Sep 28 16:14:15 xubuntu kernel: [    0.000000] ACPI: LAPIC_NMI (acpi_id[0x22] high edge lint[0x1])
Sep 28 16:14:15 xubuntu kernel: [    0.000000] ACPI: LAPIC_NMI (acpi_id[0x23] high edge lint[0x1])
Sep 28 16:14:15 xubuntu kernel: [    0.000000] ACPI: LAPIC_NMI (acpi_id[0x24] high edge lint[0x1])
Sep 28 16:14:15 xubuntu kernel: [    0.000000] ACPI: LAPIC_NMI (acpi_id[0x25] high edge lint[0x1])
Sep 28 16:14:15 xubuntu kernel: [    0.000000] ACPI: LAPIC_NMI (acpi_id[0x26] high edge lint[0x1])
Sep 28 16:14:15 xubuntu kernel: [    0.000000] ACPI: LAPIC_NMI (acpi_id[0x27] high edge lint[0x1])
Sep 28 16:14:15 xubuntu kernel: [    0.000000] ACPI: LAPIC_NMI (acpi_id[0x28] high edge lint[0x1])
Sep 28 16:14:15 xubuntu kernel: [    0.000000] ACPI: LAPIC_NMI (acpi_id[0x29] high edge lint[0x1])
Sep 28 16:14:15 xubuntu kernel: [    0.000000] ACPI: LAPIC_NMI (acpi_id[0x2a] high edge lint[0x1])
Sep 28 16:14:15 xubuntu kernel: [    0.000000] ACPI: LAPIC_NMI (acpi_id[0x2b] high edge lint[0x1])
Sep 28 16:14:15 xubuntu kernel: [    0.000000] ACPI: LAPIC_NMI (acpi_id[0x2c] high edge lint[0x1])
Sep 28 16:14:15 xubuntu kernel: [    0.000000] ACPI: LAPIC_NMI (acpi_id[0x2d] high edge lint[0x1])
Sep 28 16:14:15 xubuntu kernel: [    0.000000] ACPI: LAPIC_NMI (acpi_id[0x2e] high edge lint[0x1])
Sep 28 16:14:15 xubuntu kernel: [    0.000000] ACPI: LAPIC_NMI (acpi_id[0x2f] high edge lint[0x1])
Sep 28 16:14:15 xubuntu kernel: [    0.000000] ACPI: LAPIC_NMI (acpi_id[0x30] high edge lint[0x1])
Sep 28 16:14:15 xubuntu kernel: [    0.000000] ACPI: LAPIC_NMI (acpi_id[0x31] high edge lint[0x1])
Sep 28 16:14:15 xubuntu kernel: [    0.000000] ACPI: LAPIC_NMI (acpi_id[0x32] high edge lint[0x1])
Sep 28 16:14:15 xubuntu kernel: [    0.000000] ACPI: LAPIC_NMI (acpi_id[0x33] high edge lint[0x1])
Sep 28 16:14:15 xubuntu kernel: [    0.000000] ACPI: LAPIC_NMI (acpi_id[0x34] high edge lint[0x1])
Sep 28 16:14:15 xubuntu kernel: [    0.000000] ACPI: LAPIC_NMI (acpi_id[0x35] high edge lint[0x1])
Sep 28 16:14:15 xubuntu kernel: [    0.000000] ACPI: LAPIC_NMI (acpi_id[0x36] high edge lint[0x1])
Sep 28 16:14:15 xubuntu kernel: [    0.000000] ACPI: LAPIC_NMI (acpi_id[0x37] high edge lint[0x1])
Sep 28 16:14:15 xubuntu kernel: [    0.000000] ACPI: LAPIC_NMI (acpi_id[0x38] high edge lint[0x1])
Sep 28 16:14:15 xubuntu kernel: [    0.000000] ACPI: LAPIC_NMI (acpi_id[0x39] high edge lint[0x1])
Sep 28 16:14:15 xubuntu kernel: [    0.000000] ACPI: LAPIC_NMI (acpi_id[0x3a] high edge lint[0x1])
Sep 28 16:14:15 xubuntu kernel: [    0.000000] ACPI: LAPIC_NMI (acpi_id[0x3b] high edge lint[0x1])
Sep 28 16:14:15 xubuntu kernel: [    0.000000] ACPI: LAPIC_NMI (acpi_id[0x3c] high edge lint[0x1])
Sep 28 16:14:15 xubuntu kernel: [    0.000000] ACPI: LAPIC_NMI (acpi_id[0x3d] high edge lint[0x1])
Sep 28 16:14:15 xubuntu kernel: [    0.000000] ACPI: LAPIC_NMI (acpi_id[0x3e] high edge lint[0x1])
Sep 28 16:14:15 xubuntu kernel: [    0.000000] ACPI: LAPIC_NMI (acpi_id[0x3f] high edge lint[0x1])
Sep 28 16:14:15 xubuntu kernel: [    0.000000] ACPI: IOAPIC (id[0x01] address[0xfec00000] gsi_base[0])
Sep 28 16:14:15 xubuntu kernel: [    0.000000] IOAPIC[0]: apic_id 1, version 17, address 0xfec00000, GSI 0-23
Sep 28 16:14:15 xubuntu kernel: [    0.000000] ACPI: INT_SRC_OVR (bus 0 bus_irq 0 global_irq 2 high edge)
Sep 28 16:14:15 xubuntu kernel: [    0.000000] ACPI: IRQ0 used by override.
Sep 28 16:14:15 xubuntu kernel: [    0.000000] ACPI: IRQ2 used by override.
Sep 28 16:14:15 xubuntu kernel: [    0.000000] ACPI: IRQ9 used by override.
Sep 28 16:14:15 xubuntu kernel: [    0.000000] Using ACPI (MADT) for SMP configuration information
Sep 28 16:14:15 xubuntu kernel: [    0.000000] ACPI: HPET id: 0x8086af01 base: 0xfed00000
Sep 28 16:14:15 xubuntu kernel: [    0.000000] smpboot: 64 Processors exceeds NR_CPUS limit of 8
Sep 28 16:14:15 xubuntu kernel: [    0.000000] smpboot: Allowing 8 CPUs, 7 hotplug CPUs
Sep 28 16:14:15 xubuntu kernel: [    0.000000] nr_irqs_gsi: 40
Sep 28 16:14:15 xubuntu kernel: [    0.000000] PM: Registered nosave memory: [mem 0x0009f000-0x0009ffff]
Sep 28 16:14:15 xubuntu kernel: [    0.000000] PM: Registered nosave memory: [mem 0x000a0000-0x000dbfff]
Sep 28 16:14:15 xubuntu kernel: [    0.000000] PM: Registered nosave memory: [mem 0x000dc000-0x000fffff]
Sep 28 16:14:15 xubuntu kernel: [    0.000000] e820: [mem 0x40000000-0xefffffff] available for PCI devices
Sep 28 16:14:15 xubuntu kernel: [    0.000000] Booting paravirtualized kernel on bare hardware
Sep 28 16:14:15 xubuntu kernel: [    0.000000] setup_percpu: NR_CPUS:8 nr_cpumask_bits:8 nr_cpu_ids:8 nr_node_ids:1
Sep 28 16:14:15 xubuntu kernel: [    0.000000] PERCPU: Embedded 14 pages/cpu @f5f9b000 s36096 r0 d21248 u57344
Sep 28 16:14:15 xubuntu kernel: [    0.000000] pcpu-alloc: s36096 r0 d21248 u57344 alloc=14*4096
Sep 28 16:14:15 xubuntu kernel: [    0.000000] pcpu-alloc: [0] 0 [0] 1 [0] 2 [0] 3 [0] 4 [0] 5 [0] 6 [0] 7 
Sep 28 16:14:15 xubuntu kernel: [    0.000000] Built 1 zonelists in Zone order, mobility grouping on.  Total pages: 260230
Sep 28 16:14:15 xubuntu kernel: [    0.000000] Kernel command line: file=/cdrom/preseed/xubuntu.seed boot=casper initrd=/casper/initrd.lz quiet splash -- maybe-ubiquity
Sep 28 16:14:15 xubuntu kernel: [    0.000000] PID hash table entries: 4096 (order: 2, 16384 bytes)
Sep 28 16:14:15 xubuntu kernel: [    0.000000] Dentry cache hash table entries: 131072 (order: 7, 524288 bytes)
Sep 28 16:14:15 xubuntu kernel: [    0.000000] Inode-cache hash table entries: 65536 (order: 6, 262144 bytes)
Sep 28 16:14:15 xubuntu kernel: [    0.000000] Initializing CPU#0
Sep 28 16:14:15 xubuntu kernel: [    0.000000] xsave: enabled xstate_bv 0x7, cntxt size 0x340
Sep 28 16:14:15 xubuntu kernel: [    0.000000] allocated 2097144 bytes of page_cgroup
Sep 28 16:14:15 xubuntu kernel: [    0.000000] please try 'cgroup_disable=memory' option if you don't want memory cgroups
Sep 28 16:14:15 xubuntu kernel: [    0.000000] Initializing HighMem for node 0 (00037bfe:00040000)
Sep 28 16:14:15 xubuntu kernel: [    0.000000] Memory: 1004252K/1048056K available (6507K kernel code, 641K rwdata, 2752K rodata, 872K init, 924K bss, 43804K reserved, 135048K highmem)
Sep 28 16:14:15 xubuntu kernel: [    0.000000] virtual kernel memory layout:
Sep 28 16:14:15 xubuntu kernel: [    0.000000]     fixmap  : 0xfff14000 - 0xfffff000   ( 940 kB)
Sep 28 16:14:15 xubuntu kernel: [    0.000000]     pkmap   : 0xffc00000 - 0xffe00000   (2048 kB)
Sep 28 16:14:15 xubuntu kernel: [    0.000000]     vmalloc : 0xf83fe000 - 0xffbfe000   ( 120 MB)
Sep 28 16:14:15 xubuntu kernel: [    0.000000]     lowmem  : 0xc0000000 - 0xf7bfe000   ( 891 MB)
Sep 28 16:14:15 xubuntu kernel: [    0.000000]       .init : 0xc19ae000 - 0xc1a88000   ( 872 kB)
Sep 28 16:14:15 xubuntu kernel: [    0.000000]       .data : 0xc165b0b2 - 0xc19ad4c0   (3401 kB)
Sep 28 16:14:15 xubuntu kernel: [    0.000000]       .text : 0xc1000000 - 0xc165b0b2   (6508 kB)
Sep 28 16:14:15 xubuntu kernel: [    0.000000] Checking if this processor honours the WP bit even in supervisor mode...Ok.
Sep 28 16:14:15 xubuntu kernel: [    0.000000] SLUB: HWalign=64, Order=0-3, MinObjects=0, CPUs=8, Nodes=1
Sep 28 16:14:15 xubuntu kernel: [    0.000000] Hierarchical RCU implementation.
Sep 28 16:14:15 xubuntu kernel: [    0.000000] 	RCU dyntick-idle grace-period acceleration is enabled.
Sep 28 16:14:15 xubuntu kernel: [    0.000000] NR_IRQS:2304 nr_irqs:744 16
Sep 28 16:14:15 xubuntu kernel: [    0.000000] CPU 0 irqstacks, hard=f580a000 soft=f580c000
Sep 28 16:14:15 xubuntu kernel: [    0.000000] Console: colour VGA+ 80x25
Sep 28 16:14:15 xubuntu kernel: [    0.000000] console [tty0] enabled
Sep 28 16:14:15 xubuntu kernel: [    0.000000] hpet clockevent registered
Sep 28 16:14:15 xubuntu kernel: [    0.000000] TSC freq read from hypervisor : 2593.992 MHz
Sep 28 16:14:15 xubuntu kernel: [    0.000000] tsc: Detected 2593.992 MHz processor
Sep 28 16:14:15 xubuntu kernel: [    0.000002] Calibrating delay loop (skipped) preset value.. 5187.98 BogoMIPS (lpj=10375968)
Sep 28 16:14:15 xubuntu kernel: [    0.000004] pid_max: default: 32768 minimum: 301
Sep 28 16:14:15 xubuntu kernel: [    0.000083] Security Framework initialized
Sep 28 16:14:15 xubuntu kernel: [    0.000430] AppArmor: AppArmor initialized
Sep 28 16:14:15 xubuntu kernel: [    0.000432] Yama: becoming mindful.
Sep 28 16:14:15 xubuntu kernel: [    0.000467] Mount-cache hash table entries: 2048 (order: 1, 8192 bytes)
Sep 28 16:14:15 xubuntu kernel: [    0.000469] Mountpoint-cache hash table entries: 2048 (order: 1, 8192 bytes)
Sep 28 16:14:15 xubuntu kernel: [    0.001484] Initializing cgroup subsys memory
Sep 28 16:14:15 xubuntu kernel: [    0.001488] Initializing cgroup subsys devices
Sep 28 16:14:15 xubuntu kernel: [    0.001490] Initializing cgroup subsys freezer
Sep 28 16:14:15 xubuntu kernel: [    0.001492] Initializing cgroup subsys blkio
Sep 28 16:14:15 xubuntu kernel: [    0.001493] Initializing cgroup subsys perf_event
Sep 28 16:14:15 xubuntu kernel: [    0.001495] Initializing cgroup subsys hugetlb
Sep 28 16:14:15 xubuntu kernel: [    0.001582] Disabled fast string operations
Sep 28 16:14:15 xubuntu kernel: [    0.001586] CPU: Physical Processor ID: 0
Sep 28 16:14:15 xubuntu kernel: [    0.001596] ENERGY_PERF_BIAS: Set to 'normal', was 'performance'
Sep 28 16:14:15 xubuntu kernel: [    0.001596] ENERGY_PERF_BIAS: View and update with x86_energy_perf_policy(8)
Sep 28 16:14:15 xubuntu kernel: [    0.002302] mce: CPU supports 0 MCE banks
Sep 28 16:14:15 xubuntu kernel: [    0.002353] Last level iTLB entries: 4KB 512, 2MB 0, 4MB 0
Sep 28 16:14:15 xubuntu kernel: [    0.002353] Last level dTLB entries: 4KB 512, 2MB 32, 4MB 32
Sep 28 16:14:15 xubuntu kernel: [    0.002353] tlb_flushall_shift: 2
Sep 28 16:14:15 xubuntu kernel: [    0.021255] ACPI: Core revision 20131115
Sep 28 16:14:15 xubuntu kernel: [    0.027802] ACPI: All ACPI Tables successfully acquired
Sep 28 16:14:15 xubuntu kernel: [    0.029424] ftrace: allocating 27695 entries in 55 pages
Sep 28 16:14:15 xubuntu kernel: [    0.053258] Enabling APIC mode:  Flat.  Using 1 I/O APICs
Sep 28 16:14:15 xubuntu kernel: [    0.053642] ..TIMER: vector=0x30 apic1=0 pin1=2 apic2=-1 pin2=-1
Sep 28 16:14:15 xubuntu kernel: [    0.093351] smpboot: CPU0: Intel(R) Core(TM) i7-3720QM CPU @ 2.60GHz (fam: 06, model: 3a, stepping: 09)
Sep 28 16:14:15 xubuntu kernel: [    0.205482] Performance Events: 16-deep LBR, IvyBridge events, core PMU driver.
Sep 28 16:14:15 xubuntu kernel: [    0.205492] perf_event_intel: CPUID marked event: 'cpu cycles' unavailable
Sep 28 16:14:15 xubuntu kernel: [    0.205493] perf_event_intel: CPUID marked event: 'instructions' unavailable
Sep 28 16:14:15 xubuntu kernel: [    0.205494] perf_event_intel: CPUID marked event: 'bus cycles' unavailable
Sep 28 16:14:15 xubuntu kernel: [    0.205495] perf_event_intel: CPUID marked event: 'cache references' unavailable
Sep 28 16:14:15 xubuntu kernel: [    0.205495] perf_event_intel: CPUID marked event: 'cache misses' unavailable
Sep 28 16:14:15 xubuntu kernel: [    0.205496] perf_event_intel: CPUID marked event: 'branch instructions' unavailable
Sep 28 16:14:15 xubuntu kernel: [    0.205497] perf_event_intel: CPUID marked event: 'branch misses' unavailable
Sep 28 16:14:15 xubuntu kernel: [    0.205499] ... version:                1
Sep 28 16:14:15 xubuntu kernel: [    0.205500] ... bit width:              48
Sep 28 16:14:15 xubuntu kernel: [    0.205500] ... generic registers:      4
Sep 28 16:14:15 xubuntu kernel: [    0.205501] ... value mask:             0000ffffffffffff
Sep 28 16:14:15 xubuntu kernel: [    0.205502] ... max period:             000000007fffffff
Sep 28 16:14:15 xubuntu kernel: [    0.205502] ... fixed-purpose events:   0
Sep 28 16:14:15 xubuntu kernel: [    0.205503] ... event mask:             000000000000000f
Sep 28 16:14:15 xubuntu kernel: [    0.207385] x86: Booted up 1 node, 1 CPUs
Sep 28 16:14:15 xubuntu kernel: [    0.207387] smpboot: Total of 1 processors activated (5187.98 BogoMIPS)
Sep 28 16:14:15 xubuntu kernel: [    0.207489] x86 PAT enabled: cpu 0, old 0x0, new 0x7010600070106
Sep 28 16:14:15 xubuntu kernel: [    0.207643] NMI watchdog: disabled (cpu0): hardware events not enabled
Sep 28 16:14:15 xubuntu kernel: [    0.207875] devtmpfs: initialized
Sep 28 16:14:15 xubuntu kernel: [    0.208026] EVM: security.selinux
Sep 28 16:14:15 xubuntu kernel: [    0.208027] EVM: security.SMACK64
Sep 28 16:14:15 xubuntu kernel: [    0.208027] EVM: security.ima
Sep 28 16:14:15 xubuntu kernel: [    0.208028] EVM: security.capability
Sep 28 16:14:15 xubuntu kernel: [    0.208133] PM: Registering ACPI NVS region [mem 0x3feff000-0x3fefffff] (4096 bytes)
Sep 28 16:14:15 xubuntu kernel: [    0.209104] pinctrl core: initialized pinctrl subsystem
Sep 28 16:14:15 xubuntu kernel: [    0.209163] regulator-dummy: no parameters
Sep 28 16:14:15 xubuntu kernel: [    0.209223] RTC time: 16:14:05, date: 09/28/14
Sep 28 16:14:15 xubuntu kernel: [    0.209305] NET: Registered protocol family 16
Sep 28 16:14:15 xubuntu kernel: [    0.209452] EISA bus registered
Sep 28 16:14:15 xubuntu kernel: [    0.209454] cpuidle: using governor ladder
Sep 28 16:14:15 xubuntu kernel: [    0.209455] cpuidle: using governor menu
Sep 28 16:14:15 xubuntu kernel: [    0.209509] ACPI: bus type PCI registered
Sep 28 16:14:15 xubuntu kernel: [    0.209510] acpiphp: ACPI Hot Plug PCI Controller Driver version: 0.5
Sep 28 16:14:15 xubuntu kernel: [    0.209928] PCI: MMCONFIG for domain 0000 [bus 00-7f] at [mem 0xf0000000-0xf7ffffff] (base 0xf0000000)
Sep 28 16:14:15 xubuntu kernel: [    0.209930] PCI: MMCONFIG at [mem 0xf0000000-0xf7ffffff] reserved in E820
Sep 28 16:14:15 xubuntu kernel: [    0.209931] PCI: Using MMCONFIG for extended config space
Sep 28 16:14:15 xubuntu kernel: [    0.209932] PCI: Using configuration type 1 for base access
Sep 28 16:14:15 xubuntu kernel: [    0.210935] bio: create slab <bio-0> at 0
Sep 28 16:14:15 xubuntu kernel: [    0.211321] ACPI: Added _OSI(Module Device)
Sep 28 16:14:15 xubuntu kernel: [    0.211322] ACPI: Added _OSI(Processor Device)
Sep 28 16:14:15 xubuntu kernel: [    0.211323] ACPI: Added _OSI(3.0 _SCP Extensions)
Sep 28 16:14:15 xubuntu kernel: [    0.211324] ACPI: Added _OSI(Processor Aggregator Device)
Sep 28 16:14:15 xubuntu kernel: [    0.216651] [Firmware Bug]: ACPI: BIOS _OSI(Linux) query ignored
Sep 28 16:14:15 xubuntu kernel: [    0.221469] ACPI: Interpreter enabled
Sep 28 16:14:15 xubuntu kernel: [    0.221479] ACPI Exception: AE_NOT_FOUND, While evaluating Sleep State [\_S2_] (20131115/hwxface-580)
Sep 28 16:14:15 xubuntu kernel: [    0.221481] ACPI Exception: AE_NOT_FOUND, While evaluating Sleep State [\_S3_] (20131115/hwxface-580)
Sep 28 16:14:15 xubuntu kernel: [    0.221486] ACPI: (supports S0 S1 S4 S5)
Sep 28 16:14:15 xubuntu kernel: [    0.221487] ACPI: Using IOAPIC for interrupt routing
Sep 28 16:14:15 xubuntu kernel: [    0.221502] PCI: Using host bridge windows from ACPI; if necessary, use "pci=nocrs" and report a bug
Sep 28 16:14:15 xubuntu kernel: [    0.235883] ACPI: No dock devices found.
Sep 28 16:14:15 xubuntu kernel: [    0.253316] ACPI: PCI Root Bridge [PCI0] (domain 0000 [bus 00-7f])
Sep 28 16:14:15 xubuntu kernel: [    0.253320] acpi PNP0A03:00: _OSC: OS supports [ExtendedConfig ASPM ClockPM Segments MSI]
Sep 28 16:14:15 xubuntu kernel: [    0.253451] acpi PNP0A03:00: _OSC: platform does not support [AER]
Sep 28 16:14:15 xubuntu kernel: [    0.253575] acpi PNP0A03:00: _OSC: OS now controls [PCIeHotplug PME PCIeCapability]
Sep 28 16:14:15 xubuntu kernel: [    0.255501] PCI host bridge to bus 0000:00
Sep 28 16:14:15 xubuntu kernel: [    0.255503] pci_bus 0000:00: root bus resource [bus 00-7f]
Sep 28 16:14:15 xubuntu kernel: [    0.255505] pci_bus 0000:00: root bus resource [mem 0x000a0000-0x000bffff]
Sep 28 16:14:15 xubuntu kernel: [    0.255506] pci_bus 0000:00: root bus resource [mem 0x000cc000-0x000cffff]
Sep 28 16:14:15 xubuntu kernel: [    0.255507] pci_bus 0000:00: root bus resource [mem 0x000d0000-0x000d3fff]
Sep 28 16:14:15 xubuntu kernel: [    0.255508] pci_bus 0000:00: root bus resource [mem 0x000d4000-0x000d7fff]
Sep 28 16:14:15 xubuntu kernel: [    0.255509] pci_bus 0000:00: root bus resource [mem 0x000d8000-0x000dbfff]
Sep 28 16:14:15 xubuntu kernel: [    0.255511] pci_bus 0000:00: root bus resource [mem 0xc0000000-0xfebfffff]
Sep 28 16:14:15 xubuntu kernel: [    0.255512] pci_bus 0000:00: root bus resource [io  0x0000-0x0cf7]
Sep 28 16:14:15 xubuntu kernel: [    0.255513] pci_bus 0000:00: root bus resource [io  0x0d00-0xfeff]
Sep 28 16:14:15 xubuntu kernel: [    0.255568] pci 0000:00:00.0: [8086:7190] type 00 class 0x060000
Sep 28 16:14:15 xubuntu kernel: [    0.256008] pci 0000:00:01.0: [8086:7191] type 01 class 0x060400
Sep 28 16:14:15 xubuntu kernel: [    0.256415] pci 0000:00:07.0: [8086:7110] type 00 class 0x060100
Sep 28 16:14:15 xubuntu kernel: [    0.256987] pci 0000:00:07.1: [8086:7111] type 00 class 0x01018a
Sep 28 16:14:15 xubuntu kernel: [    0.258572] pci 0000:00:07.1: reg 0x20: [io  0x1060-0x106f]
Sep 28 16:14:15 xubuntu kernel: [    0.259391] pci 0000:00:07.3: [8086:7113] type 00 class 0x068000
Sep 28 16:14:15 xubuntu kernel: [    0.261242] pci 0000:00:07.3: quirk: [io  0x1000-0x103f] claimed by PIIX4 ACPI
Sep 28 16:14:15 xubuntu kernel: [    0.261252] pci 0000:00:07.3: quirk: [io  0x1040-0x104f] claimed by PIIX4 SMB
Sep 28 16:14:15 xubuntu kernel: [    0.261521] pci 0000:00:07.7: [15ad:0740] type 00 class 0x088000
Sep 28 16:14:15 xubuntu kernel: [    0.261972] pci 0000:00:07.7: reg 0x10: [io  0x1080-0x10bf]
Sep 28 16:14:15 xubuntu kernel: [    0.262378] pci 0000:00:07.7: reg 0x14: [mem 0xfebfe000-0xfebfffff 64bit]
Sep 28 16:14:15 xubuntu kernel: [    0.264341] pci 0000:00:0f.0: [15ad:0405] type 00 class 0x030000
Sep 28 16:14:15 xubuntu kernel: [    0.265410] pci 0000:00:0f.0: reg 0x10: [io  0x1070-0x107f]
Sep 28 16:14:15 xubuntu kernel: [    0.266418] pci 0000:00:0f.0: reg 0x14: [mem 0xe8000000-0xefffffff pref]
Sep 28 16:14:15 xubuntu kernel: [    0.267415] pci 0000:00:0f.0: reg 0x18: [mem 0xfe000000-0xfe7fffff]
Sep 28 16:14:15 xubuntu kernel: [    0.271479] pci 0000:00:0f.0: reg 0x30: [mem 0x00000000-0x00007fff pref]
Sep 28 16:14:15 xubuntu kernel: [    0.271814] pci 0000:00:10.0: [1000:0030] type 00 class 0x010000
Sep 28 16:14:15 xubuntu kernel: [    0.272321] pci 0000:00:10.0: reg 0x10: [io  0x1400-0x14ff]
Sep 28 16:14:15 xubuntu kernel: [    0.272847] pci 0000:00:10.0: reg 0x14: [mem 0xfeba0000-0xfebbffff 64bit]
Sep 28 16:14:15 xubuntu kernel: [    0.273401] pci 0000:00:10.0: reg 0x1c: [mem 0xfebc0000-0xfebdffff 64bit]
Sep 28 16:14:15 xubuntu kernel: [    0.274323] pci 0000:00:10.0: reg 0x30: [mem 0x00000000-0x00003fff pref]
Sep 28 16:14:15 xubuntu kernel: [    0.274506] pci 0000:00:11.0: [15ad:0790] type 01 class 0x060401
Sep 28 16:14:15 xubuntu kernel: [    0.274981] pci 0000:00:11.0: System wakeup disabled by ACPI
Sep 28 16:14:15 xubuntu kernel: [    0.275147] pci 0000:00:15.0: [15ad:07a0] type 01 class 0x060400
Sep 28 16:14:15 xubuntu kernel: [    0.275765] pci 0000:00:15.0: PME# supported from D0 D3hot D3cold
Sep 28 16:14:15 xubuntu kernel: [    0.275956] pci 0000:00:15.0: System wakeup disabled by ACPI
Sep 28 16:14:15 xubuntu kernel: [    0.276072] pci 0000:00:15.1: [15ad:07a0] type 01 class 0x060400
Sep 28 16:14:15 xubuntu kernel: [    0.276655] pci 0000:00:15.1: PME# supported from D0 D3hot D3cold
Sep 28 16:14:15 xubuntu kernel: [    0.276811] pci 0000:00:15.1: System wakeup disabled by ACPI
Sep 28 16:14:15 xubuntu kernel: [    0.276949] pci 0000:00:15.2: [15ad:07a0] type 01 class 0x060400
Sep 28 16:14:15 xubuntu kernel: [    0.277577] pci 0000:00:15.2: PME# supported from D0 D3hot D3cold
Sep 28 16:14:15 xubuntu kernel: [    0.277734] pci 0000:00:15.2: System wakeup disabled by ACPI
Sep 28 16:14:15 xubuntu kernel: [    0.278002] pci 0000:00:15.3: [15ad:07a0] type 01 class 0x060400
Sep 28 16:14:15 xubuntu kernel: [    0.278582] pci 0000:00:15.3: PME# supported from D0 D3hot D3cold
Sep 28 16:14:15 xubuntu kernel: [    0.278729] pci 0000:00:15.3: System wakeup disabled by ACPI
Sep 28 16:14:15 xubuntu kernel: [    0.278836] pci 0000:00:15.4: [15ad:07a0] type 01 class 0x060400
Sep 28 16:14:15 xubuntu kernel: [    0.279407] pci 0000:00:15.4: PME# supported from D0 D3hot D3cold
Sep 28 16:14:15 xubuntu kernel: [    0.279557] pci 0000:00:15.4: System wakeup disabled by ACPI
Sep 28 16:14:15 xubuntu kernel: [    0.279689] pci 0000:00:15.5: [15ad:07a0] type 01 class 0x060400
Sep 28 16:14:15 xubuntu kernel: [    0.280264] pci 0000:00:15.5: PME# supported from D0 D3hot D3cold
Sep 28 16:14:15 xubuntu kernel: [    0.280416] pci 0000:00:15.5: System wakeup disabled by ACPI
Sep 28 16:14:15 xubuntu kernel: [    0.280548] pci 0000:00:15.6: [15ad:07a0] type 01 class 0x060400
Sep 28 16:14:15 xubuntu kernel: [    0.281112] pci 0000:00:15.6: PME# supported from D0 D3hot D3cold
Sep 28 16:14:15 xubuntu kernel: [    0.281263] pci 0000:00:15.6: System wakeup disabled by ACPI
Sep 28 16:14:15 xubuntu kernel: [    0.281372] pci 0000:00:15.7: [15ad:07a0] type 01 class 0x060400
Sep 28 16:14:15 xubuntu kernel: [    0.281937] pci 0000:00:15.7: PME# supported from D0 D3hot D3cold
Sep 28 16:14:15 xubuntu kernel: [    0.282087] pci 0000:00:15.7: System wakeup disabled by ACPI
Sep 28 16:14:15 xubuntu kernel: [    0.282221] pci 0000:00:16.0: [15ad:07a0] type 01 class 0x060400
Sep 28 16:14:15 xubuntu kernel: [    0.282805] pci 0000:00:16.0: PME# supported from D0 D3hot D3cold
Sep 28 16:14:15 xubuntu kernel: [    0.282974] pci 0000:00:16.0: System wakeup disabled by ACPI
Sep 28 16:14:15 xubuntu kernel: [    0.283110] pci 0000:00:16.1: [15ad:07a0] type 01 class 0x060400
Sep 28 16:14:15 xubuntu kernel: [    0.283676] pci 0000:00:16.1: PME# supported from D0 D3hot D3cold
Sep 28 16:14:15 xubuntu kernel: [    0.283827] pci 0000:00:16.1: System wakeup disabled by ACPI
Sep 28 16:14:15 xubuntu kernel: [    0.283942] pci 0000:00:16.2: [15ad:07a0] type 01 class 0x060400
Sep 28 16:14:15 xubuntu kernel: [    0.284507] pci 0000:00:16.2: PME# supported from D0 D3hot D3cold
Sep 28 16:14:15 xubuntu kernel: [    0.284680] pci 0000:00:16.2: System wakeup disabled by ACPI
Sep 28 16:14:15 xubuntu kernel: [    0.284790] pci 0000:00:16.3: [15ad:07a0] type 01 class 0x060400
Sep 28 16:14:15 xubuntu kernel: [    0.285355] pci 0000:00:16.3: PME# supported from D0 D3hot D3cold
Sep 28 16:14:15 xubuntu kernel: [    0.285506] pci 0000:00:16.3: System wakeup disabled by ACPI
Sep 28 16:14:15 xubuntu kernel: [    0.285638] pci 0000:00:16.4: [15ad:07a0] type 01 class 0x060400
Sep 28 16:14:15 xubuntu kernel: [    0.286207] pci 0000:00:16.4: PME# supported from D0 D3hot D3cold
Sep 28 16:14:15 xubuntu kernel: [    0.286359] pci 0000:00:16.4: System wakeup disabled by ACPI
Sep 28 16:14:15 xubuntu kernel: [    0.286475] pci 0000:00:16.5: [15ad:07a0] type 01 class 0x060400
Sep 28 16:14:15 xubuntu kernel: [    0.287078] pci 0000:00:16.5: PME# supported from D0 D3hot D3cold
Sep 28 16:14:15 xubuntu kernel: [    0.287251] pci 0000:00:16.5: System wakeup disabled by ACPI
Sep 28 16:14:15 xubuntu kernel: [    0.287363] pci 0000:00:16.6: [15ad:07a0] type 01 class 0x060400
Sep 28 16:14:15 xubuntu kernel: [    0.287933] pci 0000:00:16.6: PME# supported from D0 D3hot D3cold
Sep 28 16:14:15 xubuntu kernel: [    0.288085] pci 0000:00:16.6: System wakeup disabled by ACPI
Sep 28 16:14:15 xubuntu kernel: [    0.288217] pci 0000:00:16.7: [15ad:07a0] type 01 class 0x060400
Sep 28 16:14:15 xubuntu kernel: [    0.288818] pci 0000:00:16.7: PME# supported from D0 D3hot D3cold
Sep 28 16:14:15 xubuntu kernel: [    0.288970] pci 0000:00:16.7: System wakeup disabled by ACPI
Sep 28 16:14:15 xubuntu kernel: [    0.289101] pci 0000:00:17.0: [15ad:07a0] type 01 class 0x060400
Sep 28 16:14:15 xubuntu kernel: [    0.289666] pci 0000:00:17.0: PME# supported from D0 D3hot D3cold
Sep 28 16:14:15 xubuntu kernel: [    0.289839] pci 0000:00:17.0: System wakeup disabled by ACPI
Sep 28 16:14:15 xubuntu kernel: [    0.289950] pci 0000:00:17.1: [15ad:07a0] type 01 class 0x060400
Sep 28 16:14:15 xubuntu kernel: [    0.290521] pci 0000:00:17.1: PME# supported from D0 D3hot D3cold
Sep 28 16:14:15 xubuntu kernel: [    0.290669] pci 0000:00:17.1: System wakeup disabled by ACPI
Sep 28 16:14:15 xubuntu kernel: [    0.290796] pci 0000:00:17.2: [15ad:07a0] type 01 class 0x060400
Sep 28 16:14:15 xubuntu kernel: [    0.291345] pci 0000:00:17.2: PME# supported from D0 D3hot D3cold
Sep 28 16:14:15 xubuntu kernel: [    0.291544] pci 0000:00:17.2: System wakeup disabled by ACPI
Sep 28 16:14:15 xubuntu kernel: [    0.291818] pci 0000:00:17.3: [15ad:07a0] type 01 class 0x060400
Sep 28 16:14:15 xubuntu kernel: [    0.292374] pci 0000:00:17.3: PME# supported from D0 D3hot D3cold
Sep 28 16:14:15 xubuntu kernel: [    0.292522] pci 0000:00:17.3: System wakeup disabled by ACPI
Sep 28 16:14:15 xubuntu kernel: [    0.292658] pci 0000:00:17.4: [15ad:07a0] type 01 class 0x060400
Sep 28 16:14:15 xubuntu kernel: [    0.293252] pci 0000:00:17.4: PME# supported from D0 D3hot D3cold
Sep 28 16:14:15 xubuntu kernel: [    0.293404] pci 0000:00:17.4: System wakeup disabled by ACPI
Sep 28 16:14:15 xubuntu kernel: [    0.293536] pci 0000:00:17.5: [15ad:07a0] type 01 class 0x060400
Sep 28 16:14:15 xubuntu kernel: [    0.294102] pci 0000:00:17.5: PME# supported from D0 D3hot D3cold
Sep 28 16:14:15 xubuntu kernel: [    0.294254] pci 0000:00:17.5: System wakeup disabled by ACPI
Sep 28 16:14:15 xubuntu kernel: [    0.294386] pci 0000:00:17.6: [15ad:07a0] type 01 class 0x060400
Sep 28 16:14:15 xubuntu kernel: [    0.294952] pci 0000:00:17.6: PME# supported from D0 D3hot D3cold
Sep 28 16:14:15 xubuntu kernel: [    0.295103] pci 0000:00:17.6: System wakeup disabled by ACPI
Sep 28 16:14:15 xubuntu kernel: [    0.295213] pci 0000:00:17.7: [15ad:07a0] type 01 class 0x060400
Sep 28 16:14:15 xubuntu kernel: [    0.295777] pci 0000:00:17.7: PME# supported from D0 D3hot D3cold
Sep 28 16:14:15 xubuntu kernel: [    0.295943] pci 0000:00:17.7: System wakeup disabled by ACPI
Sep 28 16:14:15 xubuntu kernel: [    0.296114] pci 0000:00:18.0: [15ad:07a0] type 01 class 0x060400
Sep 28 16:14:15 xubuntu kernel: [    0.296698] pci 0000:00:18.0: PME# supported from D0 D3hot D3cold
Sep 28 16:14:15 xubuntu kernel: [    0.296865] pci 0000:00:18.0: System wakeup disabled by ACPI
Sep 28 16:14:15 xubuntu kernel: [    0.296993] pci 0000:00:18.1: [15ad:07a0] type 01 class 0x060400
Sep 28 16:14:15 xubuntu kernel: [    0.297566] pci 0000:00:18.1: PME# supported from D0 D3hot D3cold
Sep 28 16:14:15 xubuntu kernel: [    0.297718] pci 0000:00:18.1: System wakeup disabled by ACPI
Sep 28 16:14:15 xubuntu kernel: [    0.297827] pci 0000:00:18.2: [15ad:07a0] type 01 class 0x060400
Sep 28 16:14:15 xubuntu kernel: [    0.298391] pci 0000:00:18.2: PME# supported from D0 D3hot D3cold
Sep 28 16:14:15 xubuntu kernel: [    0.298542] pci 0000:00:18.2: System wakeup disabled by ACPI
Sep 28 16:14:15 xubuntu kernel: [    0.298674] pci 0000:00:18.3: [15ad:07a0] type 01 class 0x060400
Sep 28 16:14:15 xubuntu kernel: [    0.299240] pci 0000:00:18.3: PME# supported from D0 D3hot D3cold
Sep 28 16:14:15 xubuntu kernel: [    0.299392] pci 0000:00:18.3: System wakeup disabled by ACPI
Sep 28 16:14:15 xubuntu kernel: [    0.299523] pci 0000:00:18.4: [15ad:07a0] type 01 class 0x060400
Sep 28 16:14:15 xubuntu kernel: [    0.300094] pci 0000:00:18.4: PME# supported from D0 D3hot D3cold
Sep 28 16:14:15 xubuntu kernel: [    0.300246] pci 0000:00:18.4: System wakeup disabled by ACPI
Sep 28 16:14:15 xubuntu kernel: [    0.300356] pci 0000:00:18.5: [15ad:07a0] type 01 class 0x060400
Sep 28 16:14:15 xubuntu kernel: [    0.300961] pci 0000:00:18.5: PME# supported from D0 D3hot D3cold
Sep 28 16:14:15 xubuntu kernel: [    0.301119] pci 0000:00:18.5: System wakeup disabled by ACPI
Sep 28 16:14:15 xubuntu kernel: [    0.301251] pci 0000:00:18.6: [15ad:07a0] type 01 class 0x060400
Sep 28 16:14:15 xubuntu kernel: [    0.301816] pci 0000:00:18.6: PME# supported from D0 D3hot D3cold
Sep 28 16:14:15 xubuntu kernel: [    0.301967] pci 0000:00:18.6: System wakeup disabled by ACPI
Sep 28 16:14:15 xubuntu kernel: [    0.302098] pci 0000:00:18.7: [15ad:07a0] type 01 class 0x060400
Sep 28 16:14:15 xubuntu kernel: [    0.302663] pci 0000:00:18.7: PME# supported from D0 D3hot D3cold
Sep 28 16:14:15 xubuntu kernel: [    0.302814] pci 0000:00:18.7: System wakeup disabled by ACPI
Sep 28 16:14:15 xubuntu kernel: [    0.303226] pci 0000:00:01.0: PCI bridge to [bus 01]
Sep 28 16:14:15 xubuntu kernel: [    0.303556] acpiphp: Slot [32] registered
Sep 28 16:14:15 xubuntu kernel: [    0.303595] acpiphp: Slot [33] registered
Sep 28 16:14:15 xubuntu kernel: [    0.303613] acpiphp: Slot [34] registered
Sep 28 16:14:15 xubuntu kernel: [    0.303630] acpiphp: Slot [35] registered
Sep 28 16:14:15 xubuntu kernel: [    0.303647] acpiphp: Slot [36] registered
Sep 28 16:14:15 xubuntu kernel: [    0.303663] acpiphp: Slot [37] registered
Sep 28 16:14:15 xubuntu kernel: [    0.303680] acpiphp: Slot [38] registered
Sep 28 16:14:15 xubuntu kernel: [    0.303697] acpiphp: Slot [39] registered
Sep 28 16:14:15 xubuntu kernel: [    0.303713] acpiphp: Slot [40] registered
Sep 28 16:14:15 xubuntu kernel: [    0.303730] acpiphp: Slot [41] registered
Sep 28 16:14:15 xubuntu kernel: [    0.303767] acpiphp: Slot [42] registered
Sep 28 16:14:15 xubuntu kernel: [    0.303784] acpiphp: Slot [43] registered
Sep 28 16:14:15 xubuntu kernel: [    0.303800] acpiphp: Slot [44] registered
Sep 28 16:14:15 xubuntu kernel: [    0.303816] acpiphp: Slot [45] registered
Sep 28 16:14:15 xubuntu kernel: [    0.303832] acpiphp: Slot [46] registered
Sep 28 16:14:15 xubuntu kernel: [    0.303849] acpiphp: Slot [47] registered
Sep 28 16:14:15 xubuntu kernel: [    0.303865] acpiphp: Slot [48] registered
Sep 28 16:14:15 xubuntu kernel: [    0.303881] acpiphp: Slot [49] registered
Sep 28 16:14:15 xubuntu kernel: [    0.303903] acpiphp: Slot [50] registered
Sep 28 16:14:15 xubuntu kernel: [    0.303941] acpiphp: Slot [51] registered
Sep 28 16:14:15 xubuntu kernel: [    0.303959] acpiphp: Slot [52] registered
Sep 28 16:14:15 xubuntu kernel: [    0.303975] acpiphp: Slot [53] registered
Sep 28 16:14:15 xubuntu kernel: [    0.304011] acpiphp: Slot [54] registered
Sep 28 16:14:15 xubuntu kernel: [    0.304029] acpiphp: Slot [55] registered
Sep 28 16:14:15 xubuntu kernel: [    0.304045] acpiphp: Slot [56] registered
Sep 28 16:14:15 xubuntu kernel: [    0.304061] acpiphp: Slot [57] registered
Sep 28 16:14:15 xubuntu kernel: [    0.304099] acpiphp: Slot [58] registered
Sep 28 16:14:15 xubuntu kernel: [    0.304117] acpiphp: Slot [59] registered
Sep 28 16:14:15 xubuntu kernel: [    0.304154] acpiphp: Slot [60] registered
Sep 28 16:14:15 xubuntu kernel: [    0.304172] acpiphp: Slot [61] registered
Sep 28 16:14:15 xubuntu kernel: [    0.304188] acpiphp: Slot [62] registered
Sep 28 16:14:15 xubuntu kernel: [    0.304204] acpiphp: Slot [63] registered
Sep 28 16:14:15 xubuntu kernel: [    0.304250] pci 0000:02:00.0: [15ad:0774] type 00 class 0x0c0300
Sep 28 16:14:15 xubuntu kernel: [    0.305731] pci 0000:02:00.0: reg 0x20: [io  0x20c0-0x20df]
Sep 28 16:14:15 xubuntu kernel: [    0.306358] pci 0000:02:00.0: System wakeup disabled by ACPI
Sep 28 16:14:15 xubuntu kernel: [    0.306432] pci 0000:02:01.0: [1022:2000] type 00 class 0x020000
Sep 28 16:14:15 xubuntu kernel: [    0.306728] pci 0000:02:01.0: reg 0x10: [io  0x2000-0x207f]
Sep 28 16:14:15 xubuntu kernel: [    0.308337] pci 0000:02:01.0: reg 0x30: [mem 0x00000000-0x0000ffff pref]
Sep 28 16:14:15 xubuntu kernel: [    0.308428] pci 0000:02:01.0: System wakeup disabled by ACPI
Sep 28 16:14:15 xubuntu kernel: [    0.308477] pci 0000:02:02.0: [1274:1371] type 00 class 0x040100
Sep 28 16:14:15 xubuntu kernel: [    0.308836] pci 0000:02:02.0: reg 0x10: [io  0x2080-0x20bf]
Sep 28 16:14:15 xubuntu kernel: [    0.310857] pci 0000:02:02.0: System wakeup disabled by ACPI
Sep 28 16:14:15 xubuntu kernel: [    0.311187] pci 0000:02:03.0: [15ad:0770] type 00 class 0x0c0320
Sep 28 16:14:15 xubuntu kernel: [    0.311391] pci 0000:02:03.0: reg 0x10: [mem 0xfd5ff000-0xfd5fffff]
Sep 28 16:14:15 xubuntu kernel: [    0.312500] pci 0000:02:03.0: System wakeup disabled by ACPI
Sep 28 16:14:15 xubuntu kernel: [    0.312768] pci 0000:00:11.0: PCI bridge to [bus 02] (subtractive decode)
Sep 28 16:14:15 xubuntu kernel: [    0.312787] pci 0000:00:11.0:   bridge window [io  0x2000-0x3fff]
Sep 28 16:14:15 xubuntu kernel: [    0.312805] pci 0000:00:11.0:   bridge window [mem 0xfd500000-0xfdffffff]
Sep 28 16:14:15 xubuntu kernel: [    0.312838] pci 0000:00:11.0:   bridge window [mem 0xe7b00000-0xe7ffffff 64bit pref]
Sep 28 16:14:15 xubuntu kernel: [    0.312840] pci 0000:00:11.0:   bridge window [mem 0x000a0000-0x000bffff] (subtractive decode)
Sep 28 16:14:15 xubuntu kernel: [    0.312841] pci 0000:00:11.0:   bridge window [mem 0x000cc000-0x000cffff] (subtractive decode)
Sep 28 16:14:15 xubuntu kernel: [    0.312842] pci 0000:00:11.0:   bridge window [mem 0x000d0000-0x000d3fff] (subtractive decode)
Sep 28 16:14:15 xubuntu kernel: [    0.312843] pci 0000:00:11.0:   bridge window [mem 0x000d4000-0x000d7fff] (subtractive decode)
Sep 28 16:14:15 xubuntu kernel: [    0.312844] pci 0000:00:11.0:   bridge window [mem 0x000d8000-0x000dbfff] (subtractive decode)
Sep 28 16:14:15 xubuntu kernel: [    0.312845] pci 0000:00:11.0:   bridge window [mem 0xc0000000-0xfebfffff] (subtractive decode)
Sep 28 16:14:15 xubuntu kernel: [    0.312846] pci 0000:00:11.0:   bridge window [io  0x0000-0x0cf7] (subtractive decode)
Sep 28 16:14:15 xubuntu kernel: [    0.312847] pci 0000:00:11.0:   bridge window [io  0x0d00-0xfeff] (subtractive decode)
Sep 28 16:14:15 xubuntu kernel: [    0.313179] pci 0000:00:15.0: PCI bridge to [bus 03]
Sep 28 16:14:15 xubuntu kernel: [    0.313197] pci 0000:00:15.0:   bridge window [io  0x4000-0x4fff]
Sep 28 16:14:15 xubuntu kernel: [    0.313214] pci 0000:00:15.0:   bridge window [mem 0xfd400000-0xfd4fffff]
Sep 28 16:14:15 xubuntu kernel: [    0.313248] pci 0000:00:15.0:   bridge window [mem 0xe7a00000-0xe7afffff 64bit pref]
Sep 28 16:14:15 xubuntu kernel: [    0.313587] pci 0000:00:15.1: PCI bridge to [bus 04]
Sep 28 16:14:15 xubuntu kernel: [    0.313605] pci 0000:00:15.1:   bridge window [io  0x8000-0x8fff]
Sep 28 16:14:15 xubuntu kernel: [    0.313624] pci 0000:00:15.1:   bridge window [mem 0xfd000000-0xfd0fffff]
Sep 28 16:14:15 xubuntu kernel: [    0.313659] pci 0000:00:15.1:   bridge window [mem 0xe7600000-0xe76fffff 64bit pref]
Sep 28 16:14:15 xubuntu kernel: [    0.314021] pci 0000:00:15.2: PCI bridge to [bus 05]
Sep 28 16:14:15 xubuntu kernel: [    0.314039] pci 0000:00:15.2:   bridge window [io  0xc000-0xcfff]
Sep 28 16:14:15 xubuntu kernel: [    0.314057] pci 0000:00:15.2:   bridge window [mem 0xfcc00000-0xfccfffff]
Sep 28 16:14:15 xubuntu kernel: [    0.314090] pci 0000:00:15.2:   bridge window [mem 0xe7200000-0xe72fffff 64bit pref]
Sep 28 16:14:15 xubuntu kernel: [    0.314421] pci 0000:00:15.3: PCI bridge to [bus 06]
Sep 28 16:14:15 xubuntu kernel: [    0.314454] pci 0000:00:15.3:   bridge window [mem 0xfc800000-0xfc8fffff]
Sep 28 16:14:15 xubuntu kernel: [    0.314488] pci 0000:00:15.3:   bridge window [mem 0xe6e00000-0xe6efffff 64bit pref]
Sep 28 16:14:15 xubuntu kernel: [    0.314838] pci 0000:00:15.4: PCI bridge to [bus 07]
Sep 28 16:14:15 xubuntu kernel: [    0.314871] pci 0000:00:15.4:   bridge window [mem 0xfc400000-0xfc4fffff]
Sep 28 16:14:15 xubuntu kernel: [    0.314903] pci 0000:00:15.4:   bridge window [mem 0xe6a00000-0xe6afffff 64bit pref]
Sep 28 16:14:15 xubuntu kernel: [    0.315238] pci 0000:00:15.5: PCI bridge to [bus 08]
Sep 28 16:14:15 xubuntu kernel: [    0.315271] pci 0000:00:15.5:   bridge window [mem 0xfc000000-0xfc0fffff]
Sep 28 16:14:15 xubuntu kernel: [    0.315304] pci 0000:00:15.5:   bridge window [mem 0xe6600000-0xe66fffff 64bit pref]
Sep 28 16:14:15 xubuntu kernel: [    0.315632] pci 0000:00:15.6: PCI bridge to [bus 09]
Sep 28 16:14:15 xubuntu kernel: [    0.315665] pci 0000:00:15.6:   bridge window [mem 0xfbc00000-0xfbcfffff]
Sep 28 16:14:15 xubuntu kernel: [    0.315698] pci 0000:00:15.6:   bridge window [mem 0xe6200000-0xe62fffff 64bit pref]
Sep 28 16:14:15 xubuntu kernel: [    0.316059] pci 0000:00:15.7: PCI bridge to [bus 0a]
Sep 28 16:14:15 xubuntu kernel: [    0.316093] pci 0000:00:15.7:   bridge window [mem 0xfb800000-0xfb8fffff]
Sep 28 16:14:15 xubuntu kernel: [    0.316126] pci 0000:00:15.7:   bridge window [mem 0xe5e00000-0xe5efffff 64bit pref]
Sep 28 16:14:15 xubuntu kernel: [    0.316454] pci 0000:00:16.0: PCI bridge to [bus 0b]
Sep 28 16:14:15 xubuntu kernel: [    0.316472] pci 0000:00:16.0:   bridge window [io  0x5000-0x5fff]
Sep 28 16:14:15 xubuntu kernel: [    0.316490] pci 0000:00:16.0:   bridge window [mem 0xfd300000-0xfd3fffff]
Sep 28 16:14:15 xubuntu kernel: [    0.316523] pci 0000:00:16.0:   bridge window [mem 0xe7900000-0xe79fffff 64bit pref]
Sep 28 16:14:15 xubuntu kernel: [    0.316874] pci 0000:00:16.1: PCI bridge to [bus 0c]
Sep 28 16:14:15 xubuntu kernel: [    0.316892] pci 0000:00:16.1:   bridge window [io  0x9000-0x9fff]
Sep 28 16:14:15 xubuntu kernel: [    0.316909] pci 0000:00:16.1:   bridge window [mem 0xfcf00000-0xfcffffff]
Sep 28 16:14:15 xubuntu kernel: [    0.316943] pci 0000:00:16.1:   bridge window [mem 0xe7500000-0xe75fffff 64bit pref]
Sep 28 16:14:15 xubuntu kernel: [    0.317273] pci 0000:00:16.2: PCI bridge to [bus 0d]
Sep 28 16:14:15 xubuntu kernel: [    0.317291] pci 0000:00:16.2:   bridge window [io  0xd000-0xdfff]
Sep 28 16:14:15 xubuntu kernel: [    0.317308] pci 0000:00:16.2:   bridge window [mem 0xfcb00000-0xfcbfffff]
Sep 28 16:14:15 xubuntu kernel: [    0.317342] pci 0000:00:16.2:   bridge window [mem 0xe7100000-0xe71fffff 64bit pref]
Sep 28 16:14:15 xubuntu kernel: [    0.317669] pci 0000:00:16.3: PCI bridge to [bus 0e]
Sep 28 16:14:15 xubuntu kernel: [    0.317702] pci 0000:00:16.3:   bridge window [mem 0xfc700000-0xfc7fffff]
Sep 28 16:14:15 xubuntu kernel: [    0.317736] pci 0000:00:16.3:   bridge window [mem 0xe6d00000-0xe6dfffff 64bit pref]
Sep 28 16:14:15 xubuntu kernel: [    0.318087] pci 0000:00:16.4: PCI bridge to [bus 0f]
Sep 28 16:14:15 xubuntu kernel: [    0.318120] pci 0000:00:16.4:   bridge window [mem 0xfc300000-0xfc3fffff]
Sep 28 16:14:15 xubuntu kernel: [    0.318162] pci 0000:00:16.4:   bridge window [mem 0xe6900000-0xe69fffff 64bit pref]
Sep 28 16:14:15 xubuntu kernel: [    0.318503] pci 0000:00:16.5: PCI bridge to [bus 10]
Sep 28 16:14:15 xubuntu kernel: [    0.318545] pci 0000:00:16.5:   bridge window [mem 0xfbf00000-0xfbffffff]
Sep 28 16:14:15 xubuntu kernel: [    0.318578] pci 0000:00:16.5:   bridge window [mem 0xe6500000-0xe65fffff 64bit pref]
Sep 28 16:14:15 xubuntu kernel: [    0.318919] pci 0000:00:16.6: PCI bridge to [bus 11]
Sep 28 16:14:15 xubuntu kernel: [    0.318952] pci 0000:00:16.6:   bridge window [mem 0xfbb00000-0xfbbfffff]
Sep 28 16:14:15 xubuntu kernel: [    0.318984] pci 0000:00:16.6:   bridge window [mem 0xe6100000-0xe61fffff 64bit pref]
Sep 28 16:14:15 xubuntu kernel: [    0.319332] pci 0000:00:16.7: PCI bridge to [bus 12]
Sep 28 16:14:15 xubuntu kernel: [    0.319366] pci 0000:00:16.7:   bridge window [mem 0xfb700000-0xfb7fffff]
Sep 28 16:14:15 xubuntu kernel: [    0.319399] pci 0000:00:16.7:   bridge window [mem 0xe5d00000-0xe5dfffff 64bit pref]
Sep 28 16:14:15 xubuntu kernel: [    0.319729] pci 0000:00:17.0: PCI bridge to [bus 13]
Sep 28 16:14:15 xubuntu kernel: [    0.319746] pci 0000:00:17.0:   bridge window [io  0x6000-0x6fff]
Sep 28 16:14:15 xubuntu kernel: [    0.319764] pci 0000:00:17.0:   bridge window [mem 0xfd200000-0xfd2fffff]
Sep 28 16:14:15 xubuntu kernel: [    0.319797] pci 0000:00:17.0:   bridge window [mem 0xe7800000-0xe78fffff 64bit pref]
Sep 28 16:14:15 xubuntu kernel: [    0.320155] pci 0000:00:17.1: PCI bridge to [bus 14]
Sep 28 16:14:15 xubuntu kernel: [    0.320173] pci 0000:00:17.1:   bridge window [io  0xa000-0xafff]
Sep 28 16:14:15 xubuntu kernel: [    0.320191] pci 0000:00:17.1:   bridge window [mem 0xfce00000-0xfcefffff]
Sep 28 16:14:15 xubuntu kernel: [    0.320224] pci 0000:00:17.1:   bridge window [mem 0xe7400000-0xe74fffff 64bit pref]
Sep 28 16:14:15 xubuntu kernel: [    0.320554] pci 0000:00:17.2: PCI bridge to [bus 15]
Sep 28 16:14:15 xubuntu kernel: [    0.320571] pci 0000:00:17.2:   bridge window [io  0xe000-0xefff]
Sep 28 16:14:15 xubuntu kernel: [    0.320598] pci 0000:00:17.2:   bridge window [mem 0xfca00000-0xfcafffff]
Sep 28 16:14:15 xubuntu kernel: [    0.320632] pci 0000:00:17.2:   bridge window [mem 0xe7000000-0xe70fffff 64bit pref]
Sep 28 16:14:15 xubuntu kernel: [    0.320994] pci 0000:00:17.3: PCI bridge to [bus 16]
Sep 28 16:14:15 xubuntu kernel: [    0.321028] pci 0000:00:17.3:   bridge window [mem 0xfc600000-0xfc6fffff]
Sep 28 16:14:15 xubuntu kernel: [    0.321061] pci 0000:00:17.3:   bridge window [mem 0xe6c00000-0xe6cfffff 64bit pref]
Sep 28 16:14:15 xubuntu kernel: [    0.321390] pci 0000:00:17.4: PCI bridge to [bus 17]
Sep 28 16:14:15 xubuntu kernel: [    0.321424] pci 0000:00:17.4:   bridge window [mem 0xfc200000-0xfc2fffff]
Sep 28 16:14:15 xubuntu kernel: [    0.321457] pci 0000:00:17.4:   bridge window [mem 0xe6800000-0xe68fffff 64bit pref]
Sep 28 16:14:15 xubuntu kernel: [    0.321808] pci 0000:00:17.5: PCI bridge to [bus 18]
Sep 28 16:14:15 xubuntu kernel: [    0.321841] pci 0000:00:17.5:   bridge window [mem 0xfbe00000-0xfbefffff]
Sep 28 16:14:15 xubuntu kernel: [    0.321875] pci 0000:00:17.5:   bridge window [mem 0xe6400000-0xe64fffff 64bit pref]
Sep 28 16:14:15 xubuntu kernel: [    0.322204] pci 0000:00:17.6: PCI bridge to [bus 19]
Sep 28 16:14:15 xubuntu kernel: [    0.322238] pci 0000:00:17.6:   bridge window [mem 0xfba00000-0xfbafffff]
Sep 28 16:14:15 xubuntu kernel: [    0.322271] pci 0000:00:17.6:   bridge window [mem 0xe6000000-0xe60fffff 64bit pref]
Sep 28 16:14:15 xubuntu kernel: [    0.322599] pci 0000:00:17.7: PCI bridge to [bus 1a]
Sep 28 16:14:15 xubuntu kernel: [    0.322632] pci 0000:00:17.7:   bridge window [mem 0xfb600000-0xfb6fffff]
Sep 28 16:14:15 xubuntu kernel: [    0.322665] pci 0000:00:17.7:   bridge window [mem 0xe5c00000-0xe5cfffff 64bit pref]
Sep 28 16:14:15 xubuntu kernel: [    0.323054] pci 0000:00:18.0: PCI bridge to [bus 1b]
Sep 28 16:14:15 xubuntu kernel: [    0.323072] pci 0000:00:18.0:   bridge window [io  0x7000-0x7fff]
Sep 28 16:14:15 xubuntu kernel: [    0.323090] pci 0000:00:18.0:   bridge window [mem 0xfd100000-0xfd1fffff]
Sep 28 16:14:15 xubuntu kernel: [    0.323123] pci 0000:00:18.0:   bridge window [mem 0xe7700000-0xe77fffff 64bit pref]
Sep 28 16:14:15 xubuntu kernel: [    0.323454] pci 0000:00:18.1: PCI bridge to [bus 1c]
Sep 28 16:14:15 xubuntu kernel: [    0.323472] pci 0000:00:18.1:   bridge window [io  0xb000-0xbfff]
Sep 28 16:14:15 xubuntu kernel: [    0.323490] pci 0000:00:18.1:   bridge window [mem 0xfcd00000-0xfcdfffff]
Sep 28 16:14:15 xubuntu kernel: [    0.323523] pci 0000:00:18.1:   bridge window [mem 0xe7300000-0xe73fffff 64bit pref]
Sep 28 16:14:15 xubuntu kernel: [    0.323874] pci 0000:00:18.2: PCI bridge to [bus 1d]
Sep 28 16:14:15 xubuntu kernel: [    0.323908] pci 0000:00:18.2:   bridge window [mem 0xfc900000-0xfc9fffff]
Sep 28 16:14:15 xubuntu kernel: [    0.323941] pci 0000:00:18.2:   bridge window [mem 0xe6f00000-0xe6ffffff 64bit pref]
Sep 28 16:14:15 xubuntu kernel: [    0.324278] pci 0000:00:18.3: PCI bridge to [bus 1e]
Sep 28 16:14:15 xubuntu kernel: [    0.324311] pci 0000:00:18.3:   bridge window [mem 0xfc500000-0xfc5fffff]
Sep 28 16:14:15 xubuntu kernel: [    0.324345] pci 0000:00:18.3:   bridge window [mem 0xe6b00000-0xe6bfffff 64bit pref]
Sep 28 16:14:15 xubuntu kernel: [    0.324714] pci 0000:00:18.4: PCI bridge to [bus 1f]
Sep 28 16:14:15 xubuntu kernel: [    0.324747] pci 0000:00:18.4:   bridge window [mem 0xfc100000-0xfc1fffff]
Sep 28 16:14:15 xubuntu kernel: [    0.324780] pci 0000:00:18.4:   bridge window [mem 0xe6700000-0xe67fffff 64bit pref]
Sep 28 16:14:15 xubuntu kernel: [    0.325132] pci 0000:00:18.5: PCI bridge to [bus 20]
Sep 28 16:14:15 xubuntu kernel: [    0.325166] pci 0000:00:18.5:   bridge window [mem 0xfbd00000-0xfbdfffff]
Sep 28 16:14:15 xubuntu kernel: [    0.325199] pci 0000:00:18.5:   bridge window [mem 0xe6300000-0xe63fffff 64bit pref]
Sep 28 16:14:15 xubuntu kernel: [    0.325657] pci 0000:00:18.6: PCI bridge to [bus 21]
Sep 28 16:14:15 xubuntu kernel: [    0.325690] pci 0000:00:18.6:   bridge window [mem 0xfb900000-0xfb9fffff]
Sep 28 16:14:15 xubuntu kernel: [    0.325724] pci 0000:00:18.6:   bridge window [mem 0xe5f00000-0xe5ffffff 64bit pref]
Sep 28 16:14:15 xubuntu kernel: [    0.326106] pci 0000:00:18.7: PCI bridge to [bus 22]
Sep 28 16:14:15 xubuntu kernel: [    0.326140] pci 0000:00:18.7:   bridge window [mem 0xfb500000-0xfb5fffff]
Sep 28 16:14:15 xubuntu kernel: [    0.326173] pci 0000:00:18.7:   bridge window [mem 0xe5b00000-0xe5bfffff 64bit pref]
Sep 28 16:14:15 xubuntu kernel: [    0.327711] pci_bus 0000:00: on NUMA node 0
Sep 28 16:14:15 xubuntu kernel: [    0.327785] ACPI: PCI Interrupt Link [LNKA] (IRQs 3 4 5 6 7 *9 10 11 14 15)
Sep 28 16:14:15 xubuntu kernel: [    0.327849] ACPI: PCI Interrupt Link [LNKB] (IRQs 3 4 5 6 7 9 10 *11 14 15)
Sep 28 16:14:15 xubuntu kernel: [    0.327910] ACPI: PCI Interrupt Link [LNKC] (IRQs 3 4 5 6 7 9 *10 11 14 15)
Sep 28 16:14:15 xubuntu kernel: [    0.327970] ACPI: PCI Interrupt Link [LNKD] (IRQs 3 4 *5 6 7 9 10 11 14 15)
Sep 28 16:14:15 xubuntu kernel: [    0.334854] ACPI: Enabled 2 GPEs in block 00 to 0F
Sep 28 16:14:15 xubuntu kernel: [    0.334858] ACPI: \_SB_.PCI0: notify handler is installed
Sep 28 16:14:15 xubuntu kernel: [    0.334934] Found 1 acpi root devices
Sep 28 16:14:15 xubuntu kernel: [    0.335034] vgaarb: device added: PCI:0000:00:0f.0,decodes=io+mem,owns=io+mem,locks=none
Sep 28 16:14:15 xubuntu kernel: [    0.335037] vgaarb: loaded
Sep 28 16:14:15 xubuntu kernel: [    0.335038] vgaarb: bridge control possible 0000:00:0f.0
Sep 28 16:14:15 xubuntu kernel: [    0.335477] SCSI subsystem initialized
Sep 28 16:14:15 xubuntu kernel: [    0.335731] libata version 3.00 loaded.
Sep 28 16:14:15 xubuntu kernel: [    0.336022] ACPI: bus type USB registered
Sep 28 16:14:15 xubuntu kernel: [    0.336035] usbcore: registered new interface driver usbfs
Sep 28 16:14:15 xubuntu kernel: [    0.336040] usbcore: registered new interface driver hub
Sep 28 16:14:15 xubuntu kernel: [    0.336132] usbcore: registered new device driver usb
Sep 28 16:14:15 xubuntu kernel: [    0.336390] PCI: Using ACPI for IRQ routing
Sep 28 16:14:15 xubuntu kernel: [    0.359669] PCI: pci_cache_line_size set to 64 bytes
Sep 28 16:14:15 xubuntu kernel: [    0.360407] e820: reserve RAM buffer [mem 0x0009f000-0x0009ffff]
Sep 28 16:14:15 xubuntu kernel: [    0.360409] e820: reserve RAM buffer [mem 0x3fee0000-0x3fffffff]
Sep 28 16:14:15 xubuntu kernel: [    0.360498] NetLabel: Initializing
Sep 28 16:14:15 xubuntu kernel: [    0.360499] NetLabel:  domain hash size = 128
Sep 28 16:14:15 xubuntu kernel: [    0.360500] NetLabel:  protocols = UNLABELED CIPSOv4
Sep 28 16:14:15 xubuntu kernel: [    0.360508] NetLabel:  unlabeled traffic allowed by default
Sep 28 16:14:15 xubuntu kernel: [    0.360674] hpet0: at MMIO 0xfed00000, IRQs 2, 8, 0, 0, 0, 0, 0, 0, 0, 0, 0, 0, 0, 0, 0, 0
Sep 28 16:14:15 xubuntu kernel: [    0.360679] hpet0: 16 comparators, 64-bit 14.318180 MHz counter
Sep 28 16:14:15 xubuntu kernel: [    0.362735] Switched to clocksource hpet
Sep 28 16:14:15 xubuntu kernel: [    0.378723] AppArmor: AppArmor Filesystem Enabled
Sep 28 16:14:15 xubuntu kernel: [    0.378740] pnp: PnP ACPI init
Sep 28 16:14:15 xubuntu kernel: [    0.378748] ACPI: bus type PNP registered
Sep 28 16:14:15 xubuntu kernel: [    0.378919] system 00:00: [io  0x1000-0x103f] could not be reserved
Sep 28 16:14:15 xubuntu kernel: [    0.378921] system 00:00: [io  0x1040-0x104f] has been reserved
Sep 28 16:14:15 xubuntu kernel: [    0.378922] system 00:00: [io  0x0cf0-0x0cf1] has been reserved
Sep 28 16:14:15 xubuntu kernel: [    0.378925] system 00:00: Plug and Play ACPI device, IDs PNP0c02 (active)
Sep 28 16:14:15 xubuntu kernel: [    0.378932] pnp 00:01: [dma 4]
Sep 28 16:14:15 xubuntu kernel: [    0.378941] pnp 00:01: Plug and Play ACPI device, IDs PNP0200 (active)
Sep 28 16:14:15 xubuntu kernel: [    0.378977] pnp 00:02: Plug and Play ACPI device, IDs PNP0001 (active)
Sep 28 16:14:15 xubuntu kernel: [    0.379026] pnp 00:03: Plug and Play ACPI device, IDs PNP0b00 (active)
Sep 28 16:14:15 xubuntu kernel: [    0.379039] pnp 00:04: Plug and Play ACPI device, IDs PNP0800 (active)
Sep 28 16:14:15 xubuntu kernel: [    0.379098] pnp 00:05: Plug and Play ACPI device, IDs PNP0303 (active)
Sep 28 16:14:15 xubuntu kernel: [    0.379117] pnp 00:06: Plug and Play ACPI device, IDs PNP0f13 (active)
Sep 28 16:14:15 xubuntu kernel: [    0.379266] system 00:07: [mem 0xfed00000-0xfed003ff] has been reserved
Sep 28 16:14:15 xubuntu kernel: [    0.379268] system 00:07: Plug and Play ACPI device, IDs PNP0103 PNP0c01 (active)
Sep 28 16:14:15 xubuntu kernel: [    0.380496] pnp 00:08: Plug and Play ACPI device, IDs PNP0400 (active)
Sep 28 16:14:15 xubuntu kernel: [    0.380661] pnp 00:09: Plug and Play ACPI device, IDs PNP0501 (active)
Sep 28 16:14:15 xubuntu kernel: [    0.380853] pnp 00:0a: Plug and Play ACPI device, IDs PNP0501 (active)
Sep 28 16:14:15 xubuntu kernel: [    0.380981] pnp 00:0b: [dma 2]
Sep 28 16:14:15 xubuntu kernel: [    0.381028] pnp 00:0b: Plug and Play ACPI device, IDs PNP0700 (active)
Sep 28 16:14:15 xubuntu kernel: [    0.381166] system 00:0c: [io  0xfce0-0xfcff] has been reserved
Sep 28 16:14:15 xubuntu kernel: [    0.381168] system 00:0c: [mem 0xf0000000-0xf7ffffff] has been reserved
Sep 28 16:14:15 xubuntu kernel: [    0.381170] system 00:0c: [mem 0xfe800000-0xfe9fffff] has been reserved
Sep 28 16:14:15 xubuntu kernel: [    0.381172] system 00:0c: Plug and Play ACPI device, IDs PNP0c02 (active)
Sep 28 16:14:15 xubuntu kernel: [    0.384764] pnp 00:0d: Plug and Play ACPI device, IDs PNP0c80 (active)
Sep 28 16:14:15 xubuntu kernel: [    0.385371] pnp: PnP ACPI: found 14 devices
Sep 28 16:14:15 xubuntu kernel: [    0.385372] ACPI: bus type PNP unregistered
Sep 28 16:14:15 xubuntu kernel: [    0.385375] PnPBIOS: Disabled by ACPI PNP
Sep 28 16:14:15 xubuntu kernel: [    0.421969] pci 0000:00:15.3: bridge window [io  0x1000-0x0fff] to [bus 06] add_size 1000
Sep 28 16:14:15 xubuntu kernel: [    0.422021] pci 0000:00:15.4: bridge window [io  0x1000-0x0fff] to [bus 07] add_size 1000
Sep 28 16:14:15 xubuntu kernel: [    0.422071] pci 0000:00:15.5: bridge window [io  0x1000-0x0fff] to [bus 08] add_size 1000
Sep 28 16:14:15 xubuntu kernel: [    0.422132] pci 0000:00:15.6: bridge window [io  0x1000-0x0fff] to [bus 09] add_size 1000
Sep 28 16:14:15 xubuntu kernel: [    0.422210] pci 0000:00:15.7: bridge window [io  0x1000-0x0fff] to [bus 0a] add_size 1000
Sep 28 16:14:15 xubuntu kernel: [    0.422412] pci 0000:00:16.3: bridge window [io  0x1000-0x0fff] to [bus 0e] add_size 1000
Sep 28 16:14:15 xubuntu kernel: [    0.422462] pci 0000:00:16.4: bridge window [io  0x1000-0x0fff] to [bus 0f] add_size 1000
Sep 28 16:14:15 xubuntu kernel: [    0.422512] pci 0000:00:16.5: bridge window [io  0x1000-0x0fff] to [bus 10] add_size 1000
Sep 28 16:14:15 xubuntu kernel: [    0.422562] pci 0000:00:16.6: bridge window [io  0x1000-0x0fff] to [bus 11] add_size 1000
Sep 28 16:14:15 xubuntu kernel: [    0.422612] pci 0000:00:16.7: bridge window [io  0x1000-0x0fff] to [bus 12] add_size 1000
Sep 28 16:14:15 xubuntu kernel: [    0.422810] pci 0000:00:17.3: bridge window [io  0x1000-0x0fff] to [bus 16] add_size 1000
Sep 28 16:14:15 xubuntu kernel: [    0.422860] pci 0000:00:17.4: bridge window [io  0x1000-0x0fff] to [bus 17] add_size 1000
Sep 28 16:14:15 xubuntu kernel: [    0.422910] pci 0000:00:17.5: bridge window [io  0x1000-0x0fff] to [bus 18] add_size 1000
Sep 28 16:14:15 xubuntu kernel: [    0.422960] pci 0000:00:17.6: bridge window [io  0x1000-0x0fff] to [bus 19] add_size 1000
Sep 28 16:14:15 xubuntu kernel: [    0.423010] pci 0000:00:17.7: bridge window [io  0x1000-0x0fff] to [bus 1a] add_size 1000
Sep 28 16:14:15 xubuntu kernel: [    0.423160] pci 0000:00:18.2: bridge window [io  0x1000-0x0fff] to [bus 1d] add_size 1000
Sep 28 16:14:15 xubuntu kernel: [    0.423208] pci 0000:00:18.3: bridge window [io  0x1000-0x0fff] to [bus 1e] add_size 1000
Sep 28 16:14:15 xubuntu kernel: [    0.423257] pci 0000:00:18.4: bridge window [io  0x1000-0x0fff] to [bus 1f] add_size 1000
Sep 28 16:14:15 xubuntu kernel: [    0.423305] pci 0000:00:18.5: bridge window [io  0x1000-0x0fff] to [bus 20] add_size 1000
Sep 28 16:14:15 xubuntu kernel: [    0.423354] pci 0000:00:18.6: bridge window [io  0x1000-0x0fff] to [bus 21] add_size 1000
Sep 28 16:14:15 xubuntu kernel: [    0.423403] pci 0000:00:18.7: bridge window [io  0x1000-0x0fff] to [bus 22] add_size 1000
Sep 28 16:14:15 xubuntu kernel: [    0.423410] pci 0000:00:15.3: res[13]=[io  0x1000-0x0fff] get_res_add_size add_size 1000
Sep 28 16:14:15 xubuntu kernel: [    0.423412] pci 0000:00:15.4: res[13]=[io  0x1000-0x0fff] get_res_add_size add_size 1000
Sep 28 16:14:15 xubuntu kernel: [    0.423414] pci 0000:00:15.5: res[13]=[io  0x1000-0x0fff] get_res_add_size add_size 1000
Sep 28 16:14:15 xubuntu kernel: [    0.423416] pci 0000:00:15.6: res[13]=[io  0x1000-0x0fff] get_res_add_size add_size 1000
Sep 28 16:14:15 xubuntu kernel: [    0.423417] pci 0000:00:15.7: res[13]=[io  0x1000-0x0fff] get_res_add_size add_size 1000
Sep 28 16:14:15 xubuntu kernel: [    0.423419] pci 0000:00:16.3: res[13]=[io  0x1000-0x0fff] get_res_add_size add_size 1000
Sep 28 16:14:15 xubuntu kernel: [    0.423421] pci 0000:00:16.4: res[13]=[io  0x1000-0x0fff] get_res_add_size add_size 1000
Sep 28 16:14:15 xubuntu kernel: [    0.423423] pci 0000:00:16.5: res[13]=[io  0x1000-0x0fff] get_res_add_size add_size 1000
Sep 28 16:14:15 xubuntu kernel: [    0.423424] pci 0000:00:16.6: res[13]=[io  0x1000-0x0fff] get_res_add_size add_size 1000
Sep 28 16:14:15 xubuntu kernel: [    0.423426] pci 0000:00:16.7: res[13]=[io  0x1000-0x0fff] get_res_add_size add_size 1000
Sep 28 16:14:15 xubuntu kernel: [    0.423428] pci 0000:00:17.3: res[13]=[io  0x1000-0x0fff] get_res_add_size add_size 1000
Sep 28 16:14:15 xubuntu kernel: [    0.423430] pci 0000:00:17.4: res[13]=[io  0x1000-0x0fff] get_res_add_size add_size 1000
Sep 28 16:14:15 xubuntu kernel: [    0.423431] pci 0000:00:17.5: res[13]=[io  0x1000-0x0fff] get_res_add_size add_size 1000
Sep 28 16:14:15 xubuntu kernel: [    0.423433] pci 0000:00:17.6: res[13]=[io  0x1000-0x0fff] get_res_add_size add_size 1000
Sep 28 16:14:15 xubuntu kernel: [    0.423435] pci 0000:00:17.7: res[13]=[io  0x1000-0x0fff] get_res_add_size add_size 1000
Sep 28 16:14:15 xubuntu kernel: [    0.423436] pci 0000:00:18.2: res[13]=[io  0x1000-0x0fff] get_res_add_size add_size 1000
Sep 28 16:14:15 xubuntu kernel: [    0.423438] pci 0000:00:18.3: res[13]=[io  0x1000-0x0fff] get_res_add_size add_size 1000
Sep 28 16:14:15 xubuntu kernel: [    0.423440] pci 0000:00:18.4: res[13]=[io  0x1000-0x0fff] get_res_add_size add_size 1000
Sep 28 16:14:15 xubuntu kernel: [    0.423442] pci 0000:00:18.5: res[13]=[io  0x1000-0x0fff] get_res_add_size add_size 1000
Sep 28 16:14:15 xubuntu kernel: [    0.423443] pci 0000:00:18.6: res[13]=[io  0x1000-0x0fff] get_res_add_size add_size 1000
Sep 28 16:14:15 xubuntu kernel: [    0.423445] pci 0000:00:18.7: res[13]=[io  0x1000-0x0fff] get_res_add_size add_size 1000
Sep 28 16:14:15 xubuntu kernel: [    0.423450] pci 0000:00:0f.0: BAR 6: assigned [mem 0xc0000000-0xc0007fff pref]
Sep 28 16:14:15 xubuntu kernel: [    0.423453] pci 0000:00:10.0: BAR 6: assigned [mem 0xc0008000-0xc000bfff pref]
Sep 28 16:14:15 xubuntu kernel: [    0.423456] pci 0000:00:15.3: BAR 13: can't assign io (size 0x1000)
Sep 28 16:14:15 xubuntu kernel: [    0.423459] pci 0000:00:15.4: BAR 13: can't assign io (size 0x1000)
Sep 28 16:14:15 xubuntu kernel: [    0.423484] pci 0000:00:15.5: BAR 13: can't assign io (size 0x1000)
Sep 28 16:14:15 xubuntu kernel: [    0.423487] pci 0000:00:15.6: BAR 13: can't assign io (size 0x1000)
Sep 28 16:14:15 xubuntu kernel: [    0.423490] pci 0000:00:15.7: BAR 13: can't assign io (size 0x1000)
Sep 28 16:14:15 xubuntu kernel: [    0.423492] pci 0000:00:16.3: BAR 13: can't assign io (size 0x1000)
Sep 28 16:14:15 xubuntu kernel: [    0.423494] pci 0000:00:16.4: BAR 13: can't assign io (size 0x1000)
Sep 28 16:14:15 xubuntu kernel: [    0.423497] pci 0000:00:16.5: BAR 13: can't assign io (size 0x1000)
Sep 28 16:14:15 xubuntu kernel: [    0.423499] pci 0000:00:16.6: BAR 13: can't assign io (size 0x1000)
Sep 28 16:14:15 xubuntu kernel: [    0.423502] pci 0000:00:16.7: BAR 13: can't assign io (size 0x1000)
Sep 28 16:14:15 xubuntu kernel: [    0.423504] pci 0000:00:17.3: BAR 13: can't assign io (size 0x1000)
Sep 28 16:14:15 xubuntu kernel: [    0.423506] pci 0000:00:17.4: BAR 13: can't assign io (size 0x1000)
Sep 28 16:14:15 xubuntu kernel: [    0.423518] pci 0000:00:17.5: BAR 13: can't assign io (size 0x1000)
Sep 28 16:14:15 xubuntu kernel: [    0.423521] pci 0000:00:17.6: BAR 13: can't assign io (size 0x1000)
Sep 28 16:14:15 xubuntu kernel: [    0.423523] pci 0000:00:17.7: BAR 13: can't assign io (size 0x1000)
Sep 28 16:14:15 xubuntu kernel: [    0.423526] pci 0000:00:18.2: BAR 13: can't assign io (size 0x1000)
Sep 28 16:14:15 xubuntu kernel: [    0.423528] pci 0000:00:18.3: BAR 13: can't assign io (size 0x1000)
Sep 28 16:14:15 xubuntu kernel: [    0.423530] pci 0000:00:18.4: BAR 13: can't assign io (size 0x1000)
Sep 28 16:14:15 xubuntu kernel: [    0.423533] pci 0000:00:18.5: BAR 13: can't assign io (size 0x1000)
Sep 28 16:14:15 xubuntu kernel: [    0.423535] pci 0000:00:18.6: BAR 13: can't assign io (size 0x1000)
Sep 28 16:14:15 xubuntu kernel: [    0.423538] pci 0000:00:18.7: BAR 13: can't assign io (size 0x1000)
Sep 28 16:14:15 xubuntu kernel: [    0.423542] pci 0000:00:18.7: BAR 13: can't assign io (size 0x1000)
Sep 28 16:14:15 xubuntu kernel: [    0.423545] pci 0000:00:18.6: BAR 13: can't assign io (size 0x1000)
Sep 28 16:14:15 xubuntu kernel: [    0.423547] pci 0000:00:18.5: BAR 13: can't assign io (size 0x1000)
Sep 28 16:14:15 xubuntu kernel: [    0.423550] pci 0000:00:18.4: BAR 13: can't assign io (size 0x1000)
Sep 28 16:14:15 xubuntu kernel: [    0.423552] pci 0000:00:18.3: BAR 13: can't assign io (size 0x1000)
Sep 28 16:14:15 xubuntu kernel: [    0.423555] pci 0000:00:18.2: BAR 13: can't assign io (size 0x1000)
Sep 28 16:14:15 xubuntu kernel: [    0.423557] pci 0000:00:17.7: BAR 13: can't assign io (size 0x1000)
Sep 28 16:14:15 xubuntu kernel: [    0.423560] pci 0000:00:17.6: BAR 13: can't assign io (size 0x1000)
Sep 28 16:14:15 xubuntu kernel: [    0.423562] pci 0000:00:17.5: BAR 13: can't assign io (size 0x1000)
Sep 28 16:14:15 xubuntu kernel: [    0.423565] pci 0000:00:17.4: BAR 13: can't assign io (size 0x1000)
Sep 28 16:14:15 xubuntu kernel: [    0.423567] pci 0000:00:17.3: BAR 13: can't assign io (size 0x1000)
Sep 28 16:14:15 xubuntu kernel: [    0.423569] pci 0000:00:16.7: BAR 13: can't assign io (size 0x1000)
Sep 28 16:14:15 xubuntu kernel: [    0.423572] pci 0000:00:16.6: BAR 13: can't assign io (size 0x1000)
Sep 28 16:14:15 xubuntu kernel: [    0.423574] pci 0000:00:16.5: BAR 13: can't assign io (size 0x1000)
Sep 28 16:14:15 xubuntu kernel: [    0.423577] pci 0000:00:16.4: BAR 13: can't assign io (size 0x1000)
Sep 28 16:14:15 xubuntu kernel: [    0.423579] pci 0000:00:16.3: BAR 13: can't assign io (size 0x1000)
Sep 28 16:14:15 xubuntu kernel: [    0.423582] pci 0000:00:15.7: BAR 13: can't assign io (size 0x1000)
Sep 28 16:14:15 xubuntu kernel: [    0.423584] pci 0000:00:15.6: BAR 13: can't assign io (size 0x1000)
Sep 28 16:14:15 xubuntu kernel: [    0.423587] pci 0000:00:15.5: BAR 13: can't assign io (size 0x1000)
Sep 28 16:14:15 xubuntu kernel: [    0.423589] pci 0000:00:15.4: BAR 13: can't assign io (size 0x1000)
Sep 28 16:14:15 xubuntu kernel: [    0.423592] pci 0000:00:15.3: BAR 13: can't assign io (size 0x1000)
Sep 28 16:14:15 xubuntu kernel: [    0.423594] pci 0000:00:01.0: PCI bridge to [bus 01]
Sep 28 16:14:15 xubuntu kernel: [    0.423671] pci 0000:02:01.0: BAR 6: assigned [mem 0xe7b00000-0xe7b0ffff pref]
Sep 28 16:14:15 xubuntu kernel: [    0.423673] pci 0000:00:11.0: PCI bridge to [bus 02]
Sep 28 16:14:15 xubuntu kernel: [    0.423684] pci 0000:00:11.0:   bridge window [io  0x2000-0x3fff]
Sep 28 16:14:15 xubuntu kernel: [    0.423710] pci 0000:00:11.0:   bridge window [mem 0xfd500000-0xfdffffff]
Sep 28 16:14:15 xubuntu kernel: [    0.423729] pci 0000:00:11.0:   bridge window [mem 0xe7b00000-0xe7ffffff 64bit pref]
Sep 28 16:14:15 xubuntu kernel: [    0.423762] pci 0000:00:15.0: PCI bridge to [bus 03]
Sep 28 16:14:15 xubuntu kernel: [    0.423773] pci 0000:00:15.0:   bridge window [io  0x4000-0x4fff]
Sep 28 16:14:15 xubuntu kernel: [    0.423799] pci 0000:00:15.0:   bridge window [mem 0xfd400000-0xfd4fffff]
Sep 28 16:14:15 xubuntu kernel: [    0.423817] pci 0000:00:15.0:   bridge window [mem 0xe7a00000-0xe7afffff 64bit pref]
Sep 28 16:14:15 xubuntu kernel: [    0.423873] pci 0000:00:15.1: PCI bridge to [bus 04]
Sep 28 16:14:15 xubuntu kernel: [    0.423885] pci 0000:00:15.1:   bridge window [io  0x8000-0x8fff]
Sep 28 16:14:15 xubuntu kernel: [    0.423911] pci 0000:00:15.1:   bridge window [mem 0xfd000000-0xfd0fffff]
Sep 28 16:14:15 xubuntu kernel: [    0.423929] pci 0000:00:15.1:   bridge window [mem 0xe7600000-0xe76fffff 64bit pref]
Sep 28 16:14:15 xubuntu kernel: [    0.423971] pci 0000:00:15.2: PCI bridge to [bus 05]
Sep 28 16:14:15 xubuntu kernel: [    0.423982] pci 0000:00:15.2:   bridge window [io  0xc000-0xcfff]
Sep 28 16:14:15 xubuntu kernel: [    0.424008] pci 0000:00:15.2:   bridge window [mem 0xfcc00000-0xfccfffff]
Sep 28 16:14:15 xubuntu kernel: [    0.424026] pci 0000:00:15.2:   bridge window [mem 0xe7200000-0xe72fffff 64bit pref]
Sep 28 16:14:15 xubuntu kernel: [    0.424067] pci 0000:00:15.3: PCI bridge to [bus 06]
Sep 28 16:14:15 xubuntu kernel: [    0.424094] pci 0000:00:15.3:   bridge window [mem 0xfc800000-0xfc8fffff]
Sep 28 16:14:15 xubuntu kernel: [    0.424112] pci 0000:00:15.3:   bridge window [mem 0xe6e00000-0xe6efffff 64bit pref]
Sep 28 16:14:15 xubuntu kernel: [    0.424153] pci 0000:00:15.4: PCI bridge to [bus 07]
Sep 28 16:14:15 xubuntu kernel: [    0.424180] pci 0000:00:15.4:   bridge window [mem 0xfc400000-0xfc4fffff]
Sep 28 16:14:15 xubuntu kernel: [    0.424199] pci 0000:00:15.4:   bridge window [mem 0xe6a00000-0xe6afffff 64bit pref]
Sep 28 16:14:15 xubuntu kernel: [    0.424239] pci 0000:00:15.5: PCI bridge to [bus 08]
Sep 28 16:14:15 xubuntu kernel: [    0.424266] pci 0000:00:15.5:   bridge window [mem 0xfc000000-0xfc0fffff]
Sep 28 16:14:15 xubuntu kernel: [    0.424284] pci 0000:00:15.5:   bridge window [mem 0xe6600000-0xe66fffff 64bit pref]
Sep 28 16:14:15 xubuntu kernel: [    0.424325] pci 0000:00:15.6: PCI bridge to [bus 09]
Sep 28 16:14:15 xubuntu kernel: [    0.424352] pci 0000:00:15.6:   bridge window [mem 0xfbc00000-0xfbcfffff]
Sep 28 16:14:15 xubuntu kernel: [    0.424370] pci 0000:00:15.6:   bridge window [mem 0xe6200000-0xe62fffff 64bit pref]
Sep 28 16:14:15 xubuntu kernel: [    0.424411] pci 0000:00:15.7: PCI bridge to [bus 0a]
Sep 28 16:14:15 xubuntu kernel: [    0.424438] pci 0000:00:15.7:   bridge window [mem 0xfb800000-0xfb8fffff]
Sep 28 16:14:15 xubuntu kernel: [    0.424456] pci 0000:00:15.7:   bridge window [mem 0xe5e00000-0xe5efffff 64bit pref]
Sep 28 16:14:15 xubuntu kernel: [    0.424497] pci 0000:00:16.0: PCI bridge to [bus 0b]
Sep 28 16:14:15 xubuntu kernel: [    0.424508] pci 0000:00:16.0:   bridge window [io  0x5000-0x5fff]
Sep 28 16:14:15 xubuntu kernel: [    0.424534] pci 0000:00:16.0:   bridge window [mem 0xfd300000-0xfd3fffff]
Sep 28 16:14:15 xubuntu kernel: [    0.424552] pci 0000:00:16.0:   bridge window [mem 0xe7900000-0xe79fffff 64bit pref]
Sep 28 16:14:15 xubuntu kernel: [    0.424593] pci 0000:00:16.1: PCI bridge to [bus 0c]
Sep 28 16:14:15 xubuntu kernel: [    0.424604] pci 0000:00:16.1:   bridge window [io  0x9000-0x9fff]
Sep 28 16:14:15 xubuntu kernel: [    0.424630] pci 0000:00:16.1:   bridge window [mem 0xfcf00000-0xfcffffff]
Sep 28 16:14:15 xubuntu kernel: [    0.424648] pci 0000:00:16.1:   bridge window [mem 0xe7500000-0xe75fffff 64bit pref]
Sep 28 16:14:15 xubuntu kernel: [    0.424689] pci 0000:00:16.2: PCI bridge to [bus 0d]
Sep 28 16:14:15 xubuntu kernel: [    0.424700] pci 0000:00:16.2:   bridge window [io  0xd000-0xdfff]
Sep 28 16:14:15 xubuntu kernel: [    0.424726] pci 0000:00:16.2:   bridge window [mem 0xfcb00000-0xfcbfffff]
Sep 28 16:14:15 xubuntu kernel: [    0.424744] pci 0000:00:16.2:   bridge window [mem 0xe7100000-0xe71fffff 64bit pref]
Sep 28 16:14:15 xubuntu kernel: [    0.424785] pci 0000:00:16.3: PCI bridge to [bus 0e]
Sep 28 16:14:15 xubuntu kernel: [    0.424812] pci 0000:00:16.3:   bridge window [mem 0xfc700000-0xfc7fffff]
Sep 28 16:14:15 xubuntu kernel: [    0.424830] pci 0000:00:16.3:   bridge window [mem 0xe6d00000-0xe6dfffff 64bit pref]
Sep 28 16:14:15 xubuntu kernel: [    0.424870] pci 0000:00:16.4: PCI bridge to [bus 0f]
Sep 28 16:14:15 xubuntu kernel: [    0.424897] pci 0000:00:16.4:   bridge window [mem 0xfc300000-0xfc3fffff]
Sep 28 16:14:15 xubuntu kernel: [    0.424916] pci 0000:00:16.4:   bridge window [mem 0xe6900000-0xe69fffff 64bit pref]
Sep 28 16:14:15 xubuntu kernel: [    0.424956] pci 0000:00:16.5: PCI bridge to [bus 10]
Sep 28 16:14:15 xubuntu kernel: [    0.424983] pci 0000:00:16.5:   bridge window [mem 0xfbf00000-0xfbffffff]
Sep 28 16:14:15 xubuntu kernel: [    0.425002] pci 0000:00:16.5:   bridge window [mem 0xe6500000-0xe65fffff 64bit pref]
Sep 28 16:14:15 xubuntu kernel: [    0.425042] pci 0000:00:16.6: PCI bridge to [bus 11]
Sep 28 16:14:15 xubuntu kernel: [    0.425069] pci 0000:00:16.6:   bridge window [mem 0xfbb00000-0xfbbfffff]
Sep 28 16:14:15 xubuntu kernel: [    0.425087] pci 0000:00:16.6:   bridge window [mem 0xe6100000-0xe61fffff 64bit pref]
Sep 28 16:14:15 xubuntu kernel: [    0.425128] pci 0000:00:16.7: PCI bridge to [bus 12]
Sep 28 16:14:15 xubuntu kernel: [    0.425155] pci 0000:00:16.7:   bridge window [mem 0xfb700000-0xfb7fffff]
Sep 28 16:14:15 xubuntu kernel: [    0.425173] pci 0000:00:16.7:   bridge window [mem 0xe5d00000-0xe5dfffff 64bit pref]
Sep 28 16:14:15 xubuntu kernel: [    0.425214] pci 0000:00:17.0: PCI bridge to [bus 13]
Sep 28 16:14:15 xubuntu kernel: [    0.425225] pci 0000:00:17.0:   bridge window [io  0x6000-0x6fff]
Sep 28 16:14:15 xubuntu kernel: [    0.425251] pci 0000:00:17.0:   bridge window [mem 0xfd200000-0xfd2fffff]
Sep 28 16:14:15 xubuntu kernel: [    0.425269] pci 0000:00:17.0:   bridge window [mem 0xe7800000-0xe78fffff 64bit pref]
Sep 28 16:14:15 xubuntu kernel: [    0.425310] pci 0000:00:17.1: PCI bridge to [bus 14]
Sep 28 16:14:15 xubuntu kernel: [    0.425321] pci 0000:00:17.1:   bridge window [io  0xa000-0xafff]
Sep 28 16:14:15 xubuntu kernel: [    0.425347] pci 0000:00:17.1:   bridge window [mem 0xfce00000-0xfcefffff]
Sep 28 16:14:15 xubuntu kernel: [    0.425365] pci 0000:00:17.1:   bridge window [mem 0xe7400000-0xe74fffff 64bit pref]
Sep 28 16:14:15 xubuntu kernel: [    0.425406] pci 0000:00:17.2: PCI bridge to [bus 15]
Sep 28 16:14:15 xubuntu kernel: [    0.425417] pci 0000:00:17.2:   bridge window [io  0xe000-0xefff]
Sep 28 16:14:15 xubuntu kernel: [    0.425443] pci 0000:00:17.2:   bridge window [mem 0xfca00000-0xfcafffff]
Sep 28 16:14:15 xubuntu kernel: [    0.425461] pci 0000:00:17.2:   bridge window [mem 0xe7000000-0xe70fffff 64bit pref]
Sep 28 16:14:15 xubuntu kernel: [    0.425502] pci 0000:00:17.3: PCI bridge to [bus 16]
Sep 28 16:14:15 xubuntu kernel: [    0.425529] pci 0000:00:17.3:   bridge window [mem 0xfc600000-0xfc6fffff]
Sep 28 16:14:15 xubuntu kernel: [    0.425547] pci 0000:00:17.3:   bridge window [mem 0xe6c00000-0xe6cfffff 64bit pref]
Sep 28 16:14:15 xubuntu kernel: [    0.425588] pci 0000:00:17.4: PCI bridge to [bus 17]
Sep 28 16:14:15 xubuntu kernel: [    0.425615] pci 0000:00:17.4:   bridge window [mem 0xfc200000-0xfc2fffff]
Sep 28 16:14:15 xubuntu kernel: [    0.425633] pci 0000:00:17.4:   bridge window [mem 0xe6800000-0xe68fffff 64bit pref]
Sep 28 16:14:15 xubuntu kernel: [    0.425674] pci 0000:00:17.5: PCI bridge to [bus 18]
Sep 28 16:14:15 xubuntu kernel: [    0.425701] pci 0000:00:17.5:   bridge window [mem 0xfbe00000-0xfbefffff]
Sep 28 16:14:15 xubuntu kernel: [    0.425719] pci 0000:00:17.5:   bridge window [mem 0xe6400000-0xe64fffff 64bit pref]
Sep 28 16:14:15 xubuntu kernel: [    0.425760] pci 0000:00:17.6: PCI bridge to [bus 19]
Sep 28 16:14:15 xubuntu kernel: [    0.425787] pci 0000:00:17.6:   bridge window [mem 0xfba00000-0xfbafffff]
Sep 28 16:14:15 xubuntu kernel: [    0.425805] pci 0000:00:17.6:   bridge window [mem 0xe6000000-0xe60fffff 64bit pref]
Sep 28 16:14:15 xubuntu kernel: [    0.425846] pci 0000:00:17.7: PCI bridge to [bus 1a]
Sep 28 16:14:15 xubuntu kernel: [    0.425873] pci 0000:00:17.7:   bridge window [mem 0xfb600000-0xfb6fffff]
Sep 28 16:14:15 xubuntu kernel: [    0.425891] pci 0000:00:17.7:   bridge window [mem 0xe5c00000-0xe5cfffff 64bit pref]
Sep 28 16:14:15 xubuntu kernel: [    0.425932] pci 0000:00:18.0: PCI bridge to [bus 1b]
Sep 28 16:14:15 xubuntu kernel: [    0.425943] pci 0000:00:18.0:   bridge window [io  0x7000-0x7fff]
Sep 28 16:14:15 xubuntu kernel: [    0.425969] pci 0000:00:18.0:   bridge window [mem 0xfd100000-0xfd1fffff]
Sep 28 16:14:15 xubuntu kernel: [    0.425987] pci 0000:00:18.0:   bridge window [mem 0xe7700000-0xe77fffff 64bit pref]
Sep 28 16:14:15 xubuntu kernel: [    0.426028] pci 0000:00:18.1: PCI bridge to [bus 1c]
Sep 28 16:14:15 xubuntu kernel: [    0.426039] pci 0000:00:18.1:   bridge window [io  0xb000-0xbfff]
Sep 28 16:14:15 xubuntu kernel: [    0.426065] pci 0000:00:18.1:   bridge window [mem 0xfcd00000-0xfcdfffff]
Sep 28 16:14:15 xubuntu kernel: [    0.426083] pci 0000:00:18.1:   bridge window [mem 0xe7300000-0xe73fffff 64bit pref]
Sep 28 16:14:15 xubuntu kernel: [    0.426124] pci 0000:00:18.2: PCI bridge to [bus 1d]
Sep 28 16:14:15 xubuntu kernel: [    0.426151] pci 0000:00:18.2:   bridge window [mem 0xfc900000-0xfc9fffff]
Sep 28 16:14:15 xubuntu kernel: [    0.426169] pci 0000:00:18.2:   bridge window [mem 0xe6f00000-0xe6ffffff 64bit pref]
Sep 28 16:14:15 xubuntu kernel: [    0.426210] pci 0000:00:18.3: PCI bridge to [bus 1e]
Sep 28 16:14:15 xubuntu kernel: [    0.426236] pci 0000:00:18.3:   bridge window [mem 0xfc500000-0xfc5fffff]
Sep 28 16:14:15 xubuntu kernel: [    0.426255] pci 0000:00:18.3:   bridge window [mem 0xe6b00000-0xe6bfffff 64bit pref]
Sep 28 16:14:15 xubuntu kernel: [    0.426295] pci 0000:00:18.4: PCI bridge to [bus 1f]
Sep 28 16:14:15 xubuntu kernel: [    0.426322] pci 0000:00:18.4:   bridge window [mem 0xfc100000-0xfc1fffff]
Sep 28 16:14:15 xubuntu kernel: [    0.426340] pci 0000:00:18.4:   bridge window [mem 0xe6700000-0xe67fffff 64bit pref]
Sep 28 16:14:15 xubuntu kernel: [    0.426381] pci 0000:00:18.5: PCI bridge to [bus 20]
Sep 28 16:14:15 xubuntu kernel: [    0.426408] pci 0000:00:18.5:   bridge window [mem 0xfbd00000-0xfbdfffff]
Sep 28 16:14:15 xubuntu kernel: [    0.426426] pci 0000:00:18.5:   bridge window [mem 0xe6300000-0xe63fffff 64bit pref]
Sep 28 16:14:15 xubuntu kernel: [    0.426483] pci 0000:00:18.6: PCI bridge to [bus 21]
Sep 28 16:14:15 xubuntu kernel: [    0.426511] pci 0000:00:18.6:   bridge window [mem 0xfb900000-0xfb9fffff]
Sep 28 16:14:15 xubuntu kernel: [    0.426529] pci 0000:00:18.6:   bridge window [mem 0xe5f00000-0xe5ffffff 64bit pref]
Sep 28 16:14:15 xubuntu kernel: [    0.426570] pci 0000:00:18.7: PCI bridge to [bus 22]
Sep 28 16:14:15 xubuntu kernel: [    0.426597] pci 0000:00:18.7:   bridge window [mem 0xfb500000-0xfb5fffff]
Sep 28 16:14:15 xubuntu kernel: [    0.426616] pci 0000:00:18.7:   bridge window [mem 0xe5b00000-0xe5bfffff 64bit pref]
Sep 28 16:14:15 xubuntu kernel: [    0.426667] pci_bus 0000:00: resource 4 [mem 0x000a0000-0x000bffff]
Sep 28 16:14:15 xubuntu kernel: [    0.426669] pci_bus 0000:00: resource 5 [mem 0x000cc000-0x000cffff]
Sep 28 16:14:15 xubuntu kernel: [    0.426671] pci_bus 0000:00: resource 6 [mem 0x000d0000-0x000d3fff]
Sep 28 16:14:15 xubuntu kernel: [    0.426672] pci_bus 0000:00: resource 7 [mem 0x000d4000-0x000d7fff]
Sep 28 16:14:15 xubuntu kernel: [    0.426674] pci_bus 0000:00: resource 8 [mem 0x000d8000-0x000dbfff]
Sep 28 16:14:15 xubuntu kernel: [    0.426676] pci_bus 0000:00: resource 9 [mem 0xc0000000-0xfebfffff]
Sep 28 16:14:15 xubuntu kernel: [    0.426678] pci_bus 0000:00: resource 10 [io  0x0000-0x0cf7]
Sep 28 16:14:15 xubuntu kernel: [    0.426679] pci_bus 0000:00: resource 11 [io  0x0d00-0xfeff]
Sep 28 16:14:15 xubuntu kernel: [    0.426681] pci_bus 0000:02: resource 0 [io  0x2000-0x3fff]
Sep 28 16:14:15 xubuntu kernel: [    0.426683] pci_bus 0000:02: resource 1 [mem 0xfd500000-0xfdffffff]
Sep 28 16:14:15 xubuntu kernel: [    0.426685] pci_bus 0000:02: resource 2 [mem 0xe7b00000-0xe7ffffff 64bit pref]
Sep 28 16:14:15 xubuntu kernel: [    0.426687] pci_bus 0000:02: resource 4 [mem 0x000a0000-0x000bffff]
Sep 28 16:14:15 xubuntu kernel: [    0.426688] pci_bus 0000:02: resource 5 [mem 0x000cc000-0x000cffff]
Sep 28 16:14:15 xubuntu kernel: [    0.426690] pci_bus 0000:02: resource 6 [mem 0x000d0000-0x000d3fff]
Sep 28 16:14:15 xubuntu kernel: [    0.426691] pci_bus 0000:02: resource 7 [mem 0x000d4000-0x000d7fff]
Sep 28 16:14:15 xubuntu kernel: [    0.426693] pci_bus 0000:02: resource 8 [mem 0x000d8000-0x000dbfff]
Sep 28 16:14:15 xubuntu kernel: [    0.426695] pci_bus 0000:02: resource 9 [mem 0xc0000000-0xfebfffff]
Sep 28 16:14:15 xubuntu kernel: [    0.426697] pci_bus 0000:02: resource 10 [io  0x0000-0x0cf7]
Sep 28 16:14:15 xubuntu kernel: [    0.426698] pci_bus 0000:02: resource 11 [io  0x0d00-0xfeff]
Sep 28 16:14:15 xubuntu kernel: [    0.426700] pci_bus 0000:03: resource 0 [io  0x4000-0x4fff]
Sep 28 16:14:15 xubuntu kernel: [    0.426711] pci_bus 0000:03: resource 1 [mem 0xfd400000-0xfd4fffff]
Sep 28 16:14:15 xubuntu kernel: [    0.426713] pci_bus 0000:03: resource 2 [mem 0xe7a00000-0xe7afffff 64bit pref]
Sep 28 16:14:15 xubuntu kernel: [    0.426723] pci_bus 0000:04: resource 0 [io  0x8000-0x8fff]
Sep 28 16:14:15 xubuntu kernel: [    0.426725] pci_bus 0000:04: resource 1 [mem 0xfd000000-0xfd0fffff]
Sep 28 16:14:15 xubuntu kernel: [    0.426727] pci_bus 0000:04: resource 2 [mem 0xe7600000-0xe76fffff 64bit pref]
Sep 28 16:14:15 xubuntu kernel: [    0.426729] pci_bus 0000:05: resource 0 [io  0xc000-0xcfff]
Sep 28 16:14:15 xubuntu kernel: [    0.426730] pci_bus 0000:05: resource 1 [mem 0xfcc00000-0xfccfffff]
Sep 28 16:14:15 xubuntu kernel: [    0.426732] pci_bus 0000:05: resource 2 [mem 0xe7200000-0xe72fffff 64bit pref]
Sep 28 16:14:15 xubuntu kernel: [    0.426734] pci_bus 0000:06: resource 1 [mem 0xfc800000-0xfc8fffff]
Sep 28 16:14:15 xubuntu kernel: [    0.426736] pci_bus 0000:06: resource 2 [mem 0xe6e00000-0xe6efffff 64bit pref]
Sep 28 16:14:15 xubuntu kernel: [    0.426738] pci_bus 0000:07: resource 1 [mem 0xfc400000-0xfc4fffff]
Sep 28 16:14:15 xubuntu kernel: [    0.426739] pci_bus 0000:07: resource 2 [mem 0xe6a00000-0xe6afffff 64bit pref]
Sep 28 16:14:15 xubuntu kernel: [    0.426741] pci_bus 0000:08: resource 1 [mem 0xfc000000-0xfc0fffff]
Sep 28 16:14:15 xubuntu kernel: [    0.426743] pci_bus 0000:08: resource 2 [mem 0xe6600000-0xe66fffff 64bit pref]
Sep 28 16:14:15 xubuntu kernel: [    0.426745] pci_bus 0000:09: resource 1 [mem 0xfbc00000-0xfbcfffff]
Sep 28 16:14:15 xubuntu kernel: [    0.426746] pci_bus 0000:09: resource 2 [mem 0xe6200000-0xe62fffff 64bit pref]
Sep 28 16:14:15 xubuntu kernel: [    0.426748] pci_bus 0000:0a: resource 1 [mem 0xfb800000-0xfb8fffff]
Sep 28 16:14:15 xubuntu kernel: [    0.426750] pci_bus 0000:0a: resource 2 [mem 0xe5e00000-0xe5efffff 64bit pref]
Sep 28 16:14:15 xubuntu kernel: [    0.426752] pci_bus 0000:0b: resource 0 [io  0x5000-0x5fff]
Sep 28 16:14:15 xubuntu kernel: [    0.426754] pci_bus 0000:0b: resource 1 [mem 0xfd300000-0xfd3fffff]
Sep 28 16:14:15 xubuntu kernel: [    0.426755] pci_bus 0000:0b: resource 2 [mem 0xe7900000-0xe79fffff 64bit pref]
Sep 28 16:14:15 xubuntu kernel: [    0.426757] pci_bus 0000:0c: resource 0 [io  0x9000-0x9fff]
Sep 28 16:14:15 xubuntu kernel: [    0.426759] pci_bus 0000:0c: resource 1 [mem 0xfcf00000-0xfcffffff]
Sep 28 16:14:15 xubuntu kernel: [    0.426760] pci_bus 0000:0c: resource 2 [mem 0xe7500000-0xe75fffff 64bit pref]
Sep 28 16:14:15 xubuntu kernel: [    0.426762] pci_bus 0000:0d: resource 0 [io  0xd000-0xdfff]
Sep 28 16:14:15 xubuntu kernel: [    0.426764] pci_bus 0000:0d: resource 1 [mem 0xfcb00000-0xfcbfffff]
Sep 28 16:14:15 xubuntu kernel: [    0.426766] pci_bus 0000:0d: resource 2 [mem 0xe7100000-0xe71fffff 64bit pref]
Sep 28 16:14:15 xubuntu kernel: [    0.426767] pci_bus 0000:0e: resource 1 [mem 0xfc700000-0xfc7fffff]
Sep 28 16:14:15 xubuntu kernel: [    0.426769] pci_bus 0000:0e: resource 2 [mem 0xe6d00000-0xe6dfffff 64bit pref]
Sep 28 16:14:15 xubuntu kernel: [    0.426771] pci_bus 0000:0f: resource 1 [mem 0xfc300000-0xfc3fffff]
Sep 28 16:14:15 xubuntu kernel: [    0.426773] pci_bus 0000:0f: resource 2 [mem 0xe6900000-0xe69fffff 64bit pref]
Sep 28 16:14:15 xubuntu kernel: [    0.426774] pci_bus 0000:10: resource 1 [mem 0xfbf00000-0xfbffffff]
Sep 28 16:14:15 xubuntu kernel: [    0.426776] pci_bus 0000:10: resource 2 [mem 0xe6500000-0xe65fffff 64bit pref]
Sep 28 16:14:15 xubuntu kernel: [    0.426778] pci_bus 0000:11: resource 1 [mem 0xfbb00000-0xfbbfffff]
Sep 28 16:14:15 xubuntu kernel: [    0.426780] pci_bus 0000:11: resource 2 [mem 0xe6100000-0xe61fffff 64bit pref]
Sep 28 16:14:15 xubuntu kernel: [    0.426781] pci_bus 0000:12: resource 1 [mem 0xfb700000-0xfb7fffff]
Sep 28 16:14:15 xubuntu kernel: [    0.426782] pci_bus 0000:12: resource 2 [mem 0xe5d00000-0xe5dfffff 64bit pref]
Sep 28 16:14:15 xubuntu kernel: [    0.426782] pci_bus 0000:13: resource 0 [io  0x6000-0x6fff]
Sep 28 16:14:15 xubuntu kernel: [    0.426782] pci_bus 0000:13: resource 1 [mem 0xfd200000-0xfd2fffff]
Sep 28 16:14:15 xubuntu kernel: [    0.426782] pci_bus 0000:13: resource 2 [mem 0xe7800000-0xe78fffff 64bit pref]
Sep 28 16:14:15 xubuntu kernel: [    0.426782] pci_bus 0000:14: resource 0 [io  0xa000-0xafff]
Sep 28 16:14:15 xubuntu kernel: [    0.426782] pci_bus 0000:14: resource 1 [mem 0xfce00000-0xfcefffff]
Sep 28 16:14:15 xubuntu kernel: [    0.426782] pci_bus 0000:14: resource 2 [mem 0xe7400000-0xe74fffff 64bit pref]
Sep 28 16:14:15 xubuntu kernel: [    0.426782] pci_bus 0000:15: resource 0 [io  0xe000-0xefff]
Sep 28 16:14:15 xubuntu kernel: [    0.426783] pci_bus 0000:15: resource 1 [mem 0xfca00000-0xfcafffff]
Sep 28 16:14:15 xubuntu kernel: [    0.426783] pci_bus 0000:15: resource 2 [mem 0xe7000000-0xe70fffff 64bit pref]
Sep 28 16:14:15 xubuntu kernel: [    0.426783] pci_bus 0000:16: resource 1 [mem 0xfc600000-0xfc6fffff]
Sep 28 16:14:15 xubuntu kernel: [    0.426783] pci_bus 0000:16: resource 2 [mem 0xe6c00000-0xe6cfffff 64bit pref]
Sep 28 16:14:15 xubuntu kernel: [    0.426783] pci_bus 0000:17: resource 1 [mem 0xfc200000-0xfc2fffff]
Sep 28 16:14:15 xubuntu kernel: [    0.426783] pci_bus 0000:17: resource 2 [mem 0xe6800000-0xe68fffff 64bit pref]
Sep 28 16:14:15 xubuntu kernel: [    0.426783] pci_bus 0000:18: resource 1 [mem 0xfbe00000-0xfbefffff]
Sep 28 16:14:15 xubuntu kernel: [    0.426783] pci_bus 0000:18: resource 2 [mem 0xe6400000-0xe64fffff 64bit pref]
Sep 28 16:14:15 xubuntu kernel: [    0.426783] pci_bus 0000:19: resource 1 [mem 0xfba00000-0xfbafffff]
Sep 28 16:14:15 xubuntu kernel: [    0.426783] pci_bus 0000:19: resource 2 [mem 0xe6000000-0xe60fffff 64bit pref]
Sep 28 16:14:15 xubuntu kernel: [    0.426783] pci_bus 0000:1a: resource 1 [mem 0xfb600000-0xfb6fffff]
Sep 28 16:14:15 xubuntu kernel: [    0.426783] pci_bus 0000:1a: resource 2 [mem 0xe5c00000-0xe5cfffff 64bit pref]
Sep 28 16:14:15 xubuntu kernel: [    0.426783] pci_bus 0000:1b: resource 0 [io  0x7000-0x7fff]
Sep 28 16:14:15 xubuntu kernel: [    0.426783] pci_bus 0000:1b: resource 1 [mem 0xfd100000-0xfd1fffff]
Sep 28 16:14:15 xubuntu kernel: [    0.426783] pci_bus 0000:1b: resource 2 [mem 0xe7700000-0xe77fffff 64bit pref]
Sep 28 16:14:15 xubuntu kernel: [    0.426783] pci_bus 0000:1c: resource 0 [io  0xb000-0xbfff]
Sep 28 16:14:15 xubuntu kernel: [    0.426783] pci_bus 0000:1c: resource 1 [mem 0xfcd00000-0xfcdfffff]
Sep 28 16:14:15 xubuntu kernel: [    0.426783] pci_bus 0000:1c: resource 2 [mem 0xe7300000-0xe73fffff 64bit pref]
Sep 28 16:14:15 xubuntu kernel: [    0.426783] pci_bus 0000:1d: resource 1 [mem 0xfc900000-0xfc9fffff]
Sep 28 16:14:15 xubuntu kernel: [    0.426783] pci_bus 0000:1d: resource 2 [mem 0xe6f00000-0xe6ffffff 64bit pref]
Sep 28 16:14:15 xubuntu kernel: [    0.426783] pci_bus 0000:1e: resource 1 [mem 0xfc500000-0xfc5fffff]
Sep 28 16:14:15 xubuntu kernel: [    0.426783] pci_bus 0000:1e: resource 2 [mem 0xe6b00000-0xe6bfffff 64bit pref]
Sep 28 16:14:15 xubuntu kernel: [    0.426783] pci_bus 0000:1f: resource 1 [mem 0xfc100000-0xfc1fffff]
Sep 28 16:14:15 xubuntu kernel: [    0.426783] pci_bus 0000:1f: resource 2 [mem 0xe6700000-0xe67fffff 64bit pref]
Sep 28 16:14:15 xubuntu kernel: [    0.426783] pci_bus 0000:20: resource 1 [mem 0xfbd00000-0xfbdfffff]
Sep 28 16:14:15 xubuntu kernel: [    0.426783] pci_bus 0000:20: resource 2 [mem 0xe6300000-0xe63fffff 64bit pref]
Sep 28 16:14:15 xubuntu kernel: [    0.426783] pci_bus 0000:21: resource 1 [mem 0xfb900000-0xfb9fffff]
Sep 28 16:14:15 xubuntu kernel: [    0.426783] pci_bus 0000:21: resource 2 [mem 0xe5f00000-0xe5ffffff 64bit pref]
Sep 28 16:14:15 xubuntu kernel: [    0.426783] pci_bus 0000:22: resource 1 [mem 0xfb500000-0xfb5fffff]
Sep 28 16:14:15 xubuntu kernel: [    0.426783] pci_bus 0000:22: resource 2 [mem 0xe5b00000-0xe5bfffff 64bit pref]
Sep 28 16:14:15 xubuntu kernel: [    0.426823] NET: Registered protocol family 2
